[demo.seleniumeasy.com/index.html]
[backblue.gif]
[fade.gif]
[index.html]
[demo.seleniumeasy.com/css/bootstrap.min.css]
[demo.seleniumeasy.com/css/main.css]
[demo.seleniumeasy.com/css/custom.css]
[demo.seleniumeasy.com/css/slider-cars.css]
[demo.seleniumeasy.com/css/home-bar.css]
[maxcdn.bootstrapcdn.com/font-awesome/4.5.0/css/font-awesome.min.css]
[www.seleniumeasy.com/sites/default/files/seleniumEasy_0.jpg]
[demo.seleniumeasy.com/img/sponsored-by-CBT.png]
[demo.seleniumeasy.com/basic-first-form-demo.html]
[demo.seleniumeasy.com/basic-checkbox-demo.html]
[demo.seleniumeasy.com/basic-radiobutton-demo.html]
[demo.seleniumeasy.com/basic-select-dropdown-demo.html]
[demo.seleniumeasy.com/input-form-demo.html]
[demo.seleniumeasy.com/ajax-form-submit-demo.html]
[demo.seleniumeasy.com/jquery-dropdown-search-demo.html]
[demo.seleniumeasy.com/bootstrap-date-picker-demo.html]
[demo.seleniumeasy.com/jquery-date-picker-demo.html]
[demo.seleniumeasy.com/table-pagination-demo.html]
[demo.seleniumeasy.com/table-search-filter-demo.html]
[demo.seleniumeasy.com/table-records-filter-demo.html]
[demo.seleniumeasy.com/table-sort-search-demo.html]
[demo.seleniumeasy.com/table-data-download-demo.html]
[demo.seleniumeasy.com/jquery-download-progress-bar-demo.html]
[demo.seleniumeasy.com/bootstrap-download-progress-demo.html]
[demo.seleniumeasy.com/drag-drop-range-sliders-demo.html]
[demo.seleniumeasy.com/bootstrap-alert-messages-demo.html]
[demo.seleniumeasy.com/bootstrap-modal-demo.html]
[demo.seleniumeasy.com/window-popup-modal-demo.html]
[demo.seleniumeasy.com/bootstrap-progress-bar-dialog-demo.html]
[demo.seleniumeasy.com/javascript-alert-box-demo.html]
[demo.seleniumeasy.com/generate-file-to-download-demo.html]
[demo.seleniumeasy.com/bootstrap-dual-list-box-demo.html]
[demo.seleniumeasy.com/jquery-dual-list-box-demo.html]
[demo.seleniumeasy.com/data-list-filter-demo.html]
[demo.seleniumeasy.com/drag-and-drop-demo.html]
[demo.seleniumeasy.com/dynamic-data-loading-demo.html]
[demo.seleniumeasy.com/charts-mouse-hover-demo.html]
[demo.seleniumeasy.com/js/jquery.js]
[demo.seleniumeasy.com/js/bootstrap.min.js]
[demo.seleniumeasy.com/js/treemenu.js]
[demo.seleniumeasy.com/js/slider-cars.js]
[demo.seleniumeasy.com/js/home-bar.js]
[www.google-analytics.com/analytics.js]
[demo.seleniumeasy.com/index.html]
[demo.seleniumeasy.com/fonts/glyphicons-halflings-regular.eot]
[demo.seleniumeasy.com/fonts/glyphicons-halflings-regular.woff2]
[demo.seleniumeasy.com/fonts/glyphicons-halflings-regular.woff]
[demo.seleniumeasy.com/fonts/glyphicons-halflings-regulard41d.eot]
[demo.seleniumeasy.com/fonts/glyphicons-halflings-regular.ttf]
[demo.seleniumeasy.com/css/bootstrap.min.css]
[demo.seleniumeasy.com/css/main.css]
[www.seleniumeasy.com/themes/open_framework/images/li_arrow.gif]
[demo.seleniumeasy.com/css/custom.css]
[demo.seleniumeasy.com/img/1.jpg]
[demo.seleniumeasy.com/img/2.jpg]
[demo.seleniumeasy.com/img/3.jpg]
[demo.seleniumeasy.com/img/4.jpg]
[demo.seleniumeasy.com/css/slider-cars.css]
[demo.seleniumeasy.com/css/home-bar.css]
[maxcdn.bootstrapcdn.com/font-awesome/4.5.0/css/font-awesome.min.css]
[s7.addthis.com/js/300/addthis_widget.html]
[demo.seleniumeasy.com/basic-first-form-demo.html]
[demo.seleniumeasy.com/js/basic-checkbox.js]
[demo.seleniumeasy.com/basic-checkbox-demo.html]
[demo.seleniumeasy.com/basic-radiobutton-demo.html]
[demo.seleniumeasy.com/basic-select-dropdown-demo.html]
[demo.seleniumeasy.com/js/inputform.js]
[demo.seleniumeasy.com/input-form-demo.html]
[demo.seleniumeasy.com/LoaderIcon.gif]
[demo.seleniumeasy.com/ajax-form-submit-demo.html]
[demo.seleniumeasy.com/css/table-filter.css]
[code.jquery.com/ui/1.12.1/themes/base/jquery-ui.css]
[cdnjs.cloudflare.com/ajax/libs/jquery.bootstrapvalidator/0.5.3/js/bootstrapValidator.min.js]
[cdnjs.cloudflare.com/ajax/libs/select2/4.0.1/css/select2.min.css]
[demo.seleniumeasy.com/jquery-dropdown-search-demo.html]
[demo.seleniumeasy.com/css/bootstrap-datepicker.min.css]
[demo.seleniumeasy.com/css/bootstrap-datepicker3.min.css]
[demo.seleniumeasy.com/js/bootstrap-datepicker.min.js]
[cdnjs.cloudflare.com/ajax/libs/select2/4.0.1/js/select2.min.js]
[demo.seleniumeasy.com/js/bootstrap-date-example.js]
[demo.seleniumeasy.com/bootstrap-date-picker-demo.html]
[demo.seleniumeasy.com/jquery-date-picker-demo.html]
[demo.seleniumeasy.com/js/table-pagination.js]
[demo.seleniumeasy.com/table-pagination-demo.html]
[demo.seleniumeasy.com/js/tabletasksfilter.js]
[demo.seleniumeasy.com/table-search-filter-demo.html]
[code.jquery.com/ui/1.12.1/jquery-ui.js]
[cdnjs.cloudflare.com/ajax/libs/font-awesome/4.7.0/css/font-awesome.min.css]
[demo.seleniumeasy.com/table-records-filter-demo.html]
[demo.seleniumeasy.com/js/tablefilter.js]
[cdn.datatables.net/1.10.12/css/jquery.dataTables.min.css]
[demo.seleniumeasy.com/js/alerts.js]
[code.jquery.com/jquery-1.12.4.js]
[demo.seleniumeasy.com/table-sort-search-demo.html]
[cdn.datatables.net/1.10.12/js/jquery.dataTables.min.js]
[cdn.datatables.net/buttons/1.2.2/css/buttons.dataTables.min.css]
[cdn.datatables.net/buttons/1.2.2/js/dataTables.buttons.min.js]
[cdn.datatables.net/buttons/1.2.2/js/buttons.flash.min.js]
[cdn.datatables.net/buttons/1.2.2/js/buttons.print.min.js]
[cdnjs.cloudflare.com/ajax/libs/jszip/2.5.0/jszip.min.js]
[demo.seleniumeasy.com/table-data-download-demo.html]
[cdn.datatables.net/buttons/1.2.2/js/buttons.html5.min.js]
[demo.seleniumeasy.com/js/jquery-progress-bar.js]
[demo.seleniumeasy.com/jquery-download-progress-bar-demo.html]
[demo.seleniumeasy.com/css/progressbar.css]
[demo.seleniumeasy.com/js/progressbar.js]
[demo.seleniumeasy.com/js/progress-bar.js]
[demo.seleniumeasy.com/bootstrap-download-progress-demo.html]
[demo.seleniumeasy.com/css/range-sliders.css]
[demo.seleniumeasy.com/drag-drop-range-sliders-demo.html]
[demo.seleniumeasy.com/bootstrap-alert-messages-demo.html]
[code.jquery.com/jquery-1.11.0.min.js]
[demo.seleniumeasy.com/bootstrap-modal-demo.html]
[demo.seleniumeasy.com/js/modal-demo-auto.js]
[demo.seleniumeasy.com/window-popup-modal-demo.html]
[demo.seleniumeasy.com/js/window-popup-modal.js]
[demo.seleniumeasy.com/bootstrap-progress-bar-dialog-demo.html]
[demo.seleniumeasy.com/javascript-alert-box-demo.html]
[demo.seleniumeasy.com/js/modaldialog.js]
[demo.seleniumeasy.com/generate-file-to-download-demo.html]
[demo.seleniumeasy.com/js/download-file-data.js]
[demo.seleniumeasy.com/bootstrap-dual-list-box-demo.html]
[demo.seleniumeasy.com/js/duallist.js]
[ajax.googleapis.com/ajax/libs/jquery/1.11.3/jquery.min.js]
[demo.seleniumeasy.com/js/pickList.js]
[demo.seleniumeasy.com/jquery-dual-list-box-demo.html]
[cdn.rawgit.com/bpampuch/pdfmake/0.1.18/build/pdfmake.min.js]
[demo.seleniumeasy.com/data-list-filter-demo.html]
[demo.seleniumeasy.com/js/datalistfilter.js]
[demo.seleniumeasy.com/css/drag-drop-demo.css]
[demo.seleniumeasy.com/drag-and-drop-demo.html]
[demo.seleniumeasy.com/js/drag-and-drop-demo.js]
[demo.seleniumeasy.com/dynamic-data-loading-demo.html]
[demo.seleniumeasy.com/js/random-user-result.js]
[demo.seleniumeasy.com/css/charts-demo.css]
[netdna.bootstrapcdn.com/font-awesome/4.2.0/css/font-awesome.min.css]
[demo.seleniumeasy.com/js/chart-demo.js]
[www.chartjs.org/assets/Chart.min.79.delayed]
[demo.seleniumeasy.com/charts-mouse-hover-demo.html]
[demo.seleniumeasy.com/fonts/glyphicons-halflings-regular.svg]
[demo.seleniumeasy.com/css/table-filter.css]
[code.jquery.com/ui/1.12.1/themes/base/images/ui-icons_444444_256x240.png]
[code.jquery.com/ui/1.12.1/themes/base/images/ui-icons_555555_256x240.png]
[code.jquery.com/ui/1.12.1/themes/base/images/ui-icons_ffffff_256x240.png]
[code.jquery.com/ui/1.12.1/themes/base/images/ui-icons_777620_256x240.png]
[code.jquery.com/ui/1.12.1/themes/base/images/ui-icons_cc0000_256x240.png]
[code.jquery.com/ui/1.12.1/themes/base/images/ui-icons_777777_256x240.png]
[code.jquery.com/ui/1.12.1/themes/base/jquery-ui.css]
[cdnjs.cloudflare.com/ajax/libs/select2/4.0.1/css/select2.min.css]
[demo.seleniumeasy.com/css/bootstrap-datepicker.min.css]
[demo.seleniumeasy.com/css/bootstrap-datepicker3.min.css]
[ajax.googleapis.com/ajax/libs/jqueryui/1.8/themes/base/images/ui-bg_flat_75_ffffff_40x100.png]
[ajax.googleapis.com/ajax/libs/jqueryui/1.8/themes/base/images/ui-bg_highlight-soft_75_cccccc_1x100.png]
[ajax.googleapis.com/ajax/libs/jqueryui/1.8/themes/base/images/ui-bg_glass_75_e6e6e6_1x400.png]
[ajax.googleapis.com/ajax/libs/jqueryui/1.8/themes/base/images/ui-bg_glass_75_dadada_1x400.png]
[ajax.googleapis.com/ajax/libs/jqueryui/1.8/themes/base/images/ui-bg_glass_65_ffffff_1x400.png]
[ajax.googleapis.com/ajax/libs/jqueryui/1.8/themes/base/images/ui-bg_glass_55_fbf9ee_1x400.png]
[ajax.googleapis.com/ajax/libs/jqueryui/1.8/themes/base/images/ui-bg_glass_95_fef1ec_1x400.png]
[ajax.googleapis.com/ajax/libs/jqueryui/1.8/themes/base/images/ui-icons_222222_256x240.png]
[cdn.rawgit.com/bpampuch/pdfmake/0.1.18/build/vfs_fonts.js]
[ajax.googleapis.com/ajax/libs/jqueryui/1.8/themes/base/images/ui-icons_888888_256x240.png]
[ajax.googleapis.com/ajax/libs/jqueryui/1.8/themes/base/images/ui-icons_454545_256x240.png]
[ajax.googleapis.com/ajax/libs/jqueryui/1.8/themes/base/images/ui-icons_2e83ff_256x240.png]
[ajax.googleapis.com/ajax/libs/jqueryui/1.8/themes/base/images/ui-icons_cd0a0a_256x240.png]
[ajax.googleapis.com/ajax/libs/jqueryui/1.8/themes/base/images/ui-bg_flat_0_aaaaaa_40x100.png]
[ajax.googleapis.com/ajax/libs/jqueryui/1.8/themes/base/jquery-ui.css]
[cdnjs.cloudflare.com/ajax/libs/font-awesome/4.7.0/css/font-awesome.min.css]
[cdn.datatables.net/1.10.12/images/sort_both.png]
[cdn.datatables.net/1.10.12/images/sort_asc.png]
[cdn.datatables.net/1.10.12/images/sort_desc.png]
[cdn.datatables.net/1.10.12/images/sort_asc_disabled.png]
[cdn.datatables.net/1.10.12/images/sort_desc_disabled.png]
[cdn.datatables.net/1.10.12/css/jquery.dataTables.min.css]
[cdn.datatables.net/buttons/1.2.2/css/buttons.dataTables.min.css]
[demo.seleniumeasy.com/css/progressbar.css]
[demo.seleniumeasy.com/css/range-sliders.css]
[demo.seleniumeasy.com/css/drag-drop-demo.css]
[demo.seleniumeasy.com/css/charts-demo.css]
[netdna.bootstrapcdn.com/font-awesome/4.2.0/css/font-awesome.min.css]
[www.chartjs.org/assets/Chart.min.html]
[cdn.bootcss.com/animate.css/3.5.1/animate.min.css]
[netdna.bootstrapcdn.com/font-awesome/4.0.3/css/font-awesome.css]
[netdna.bootstrapcdn.com/font-awesome/4.0.3/css/font-awesome.css]
[demo.seleniumeasy.com/selenium-tutorials.html]
[demo.seleniumeasy.com/testng-tutorials.html]
[demo.seleniumeasy.com/junit-tutorials.html]
[demo.seleniumeasy.com/jxl-tutorials.html]
[demo.seleniumeasy.com/apachepoi-tutorials.html]
[demo.seleniumeasy.com/ant-tutorials.html]
[demo.seleniumeasy.com/maven-tutorials.html]
[demo.seleniumeasy.com/selenium-tutorials/launching-firefox-browser-with-geckodriver-selenium-3.html]
[demo.seleniumeasy.com/selenium-tutorials/page-factory-pattern-in-selenium-webdriver.html]
[demo.seleniumeasy.com/jenkins-tutorials/invoke-testng-xml-tests-from-jenkins.html]
[demo.seleniumeasy.com/testng-tutorials/testng-customize-emailable-html-report-example.html]
[demo.seleniumeasy.com/maven-tutorials/how-to-execute-selenium-webdriver-testng-xml-using-maven.html]
[demo.seleniumeasy.com/selenium-webdriver-tutorials.html]
