[backblue.gif]
[fade.gif]
[index.html]
[the-internet.herokuapp.com/js/vendor/jquery-1.11.3.min.js]
[the-internet.herokuapp.com/js/vendor/jquery-ui-1.11.4/jquery-ui.js]
[the-internet.herokuapp.com/js/foundation/foundation.js]
[the-internet.herokuapp.com/js/foundation/foundation.alerts.js]
[the-internet.herokuapp.com/img/forkme_right_green_007200.png]
[the-internet.herokuapp.com/index.html]
[the-internet.herokuapp.com/css/app.css]
[the-internet.herokuapp.com/fonts/fontawesome-webfonte0a5.eot]
[the-internet.herokuapp.com/fonts/fontawesome-webfontd41d.eot]
[the-internet.herokuapp.com/fonts/fontawesome-webfonte0a5.woff2]
[the-internet.herokuapp.com/fonts/fontawesome-webfonte0a5.woff]
[the-internet.herokuapp.com/fonts/fontawesome-webfonte0a5.ttf]
[the-internet.herokuapp.com/css/font-awesome.css]
[the-internet.herokuapp.com/abtest.html]
[the-internet.herokuapp.com/js/vendor/298279967.js]
[the-internet.herokuapp.com/add_remove_elements/index.html]
[the-internet.herokuapp.com/basic_auth.html]
[the-internet.herokuapp.com/img/avatar-blank.jpg]
[the-internet.herokuapp.com/broken_images.html]
[the-internet.herokuapp.com/challenging_dom.html]
[the-internet.herokuapp.com/checkboxes.html]
[the-internet.herokuapp.com/context_menu.html]
[the-internet.herokuapp.com/digest_auth]
[the-internet.herokuapp.com/disappearing_elements.html]
[the-internet.herokuapp.com/drag_and_drop.html]
[the-internet.herokuapp.com/dropdown.html]
[the-internet.herokuapp.com/img/avatars/Original-Facebook-Geek-Profile-Avatar-1.jpg]
[the-internet.herokuapp.com/img/avatars/Original-Facebook-Geek-Profile-Avatar-2.jpg]
[the-internet.herokuapp.com/img/avatars/Original-Facebook-Geek-Profile-Avatar-6.jpg]
[the-internet.herokuapp.com/dynamic_content.html]
[ajax.googleapis.com/ajax/libs/jquery/1.10.2/jquery.min.js]
[the-internet.herokuapp.com/img/ajax-loader.gif]
[the-internet.herokuapp.com/dynamic_controls.html]
[the-internet.herokuapp.com/dynamic_loading.html]
[the-internet.herokuapp.com/entry_ad.html]
[the-internet.herokuapp.com/js/vendor/ouibounce.min.js]
[the-internet.herokuapp.com/exit_intent.html]
[the-internet.herokuapp.com/download/emblema.png]
[the-internet.herokuapp.com/download/10 ET.PNG]
[the-internet.herokuapp.com/download/beo.jpeg]
[the-internet.herokuapp.com/download/some-file.txt]
[the-internet.herokuapp.com/download/loremipsum.txt]
[the-internet.herokuapp.com/download/descarga.jpg]
[the-internet.herokuapp.com/download/Background.jpeg]
[the-internet.herokuapp.com/download/forUploadTest.txt]
[the-internet.herokuapp.com/download/avatar.jpeg]
[the-internet.herokuapp.com/download/EAD card.jpg]
[the-internet.herokuapp.com/download/sample.png]
[the-internet.herokuapp.com/download/chromedriver.exe]
[the-internet.herokuapp.com/download/example.jpg]
[the-internet.herokuapp.com/download/54c08df1-4ebf-4ad0-a64b-556613506697.JPG]
[the-internet.herokuapp.com/download/forkme_right_green_007200.png]
[the-internet.herokuapp.com/download/Screenshot 2021-10-20 at 17.09.11 (2).png]
[the-internet.herokuapp.com/download/vit.jpeg]
[the-internet.herokuapp.com/download/sample.pdf]
[the-internet.herokuapp.com/download/webdriverIO.png]
[the-internet.herokuapp.com/download/ET 7.PNG]
[the-internet.herokuapp.com/download/Задание 1.xlsx]
[the-internet.herokuapp.com/download/12.png]
[the-internet.herokuapp.com/download.html]
[the-internet.herokuapp.com/upload.html]
[the-internet.herokuapp.com/js/vendor/stickyfloat.js]
[the-internet.herokuapp.com/floating_menu.html]
[the-internet.herokuapp.com/forgot_password.html]
[the-internet.herokuapp.com/login.html]
[the-internet.herokuapp.com/frames.html]
[the-internet.herokuapp.com/geolocation.html]
[the-internet.herokuapp.com/horizontal_slider.html]
[the-internet.herokuapp.com/hovers.html]
[the-internet.herokuapp.com/js/vendor/jquery.jscroll.min.js]
[the-internet.herokuapp.com/infinite_scroll.html]
[the-internet.herokuapp.com/inputs.html]
[ajax.googleapis.com/ajax/libs/jquery/1.9.1/jquery.min.js]
[ajax.googleapis.com/ajax/libs/jqueryui/1.9.2/jquery-ui.min.js]
[the-internet.herokuapp.com/download/jqueryui/menu/menu.pdf]
[the-internet.herokuapp.com/download/jqueryui/menu/menu.csv]
[the-internet.herokuapp.com/download/jqueryui/menu/menu.xls]
[the-internet.herokuapp.com/jqueryui/menu.html]
[the-internet.herokuapp.com/javascript_alerts.html]
[the-internet.herokuapp.com/javascript_error.html]
[the-internet.herokuapp.com/key_presses.html]
[the-internet.herokuapp.com/large.html]
[the-internet.herokuapp.com/windows.html]
[the-internet.herokuapp.com/nested_frames.html]
[the-internet.herokuapp.com/notification_message_rendered.html]
[the-internet.herokuapp.com/redirector.html]
[the-internet.herokuapp.com/download_secure.html]
[the-internet.herokuapp.com/shadowdom.html]
[the-internet.herokuapp.com/shifting_content.html]
[the-internet.herokuapp.com/slow.html]
[the-internet.herokuapp.com/img/down-arrow.png]
[the-internet.herokuapp.com/img/up-arrow.png]
[the-internet.herokuapp.com/tables.html]
[the-internet.herokuapp.com/status_codes.html]
[the-internet.herokuapp.com/typos.html]
[the-internet.herokuapp.com/tinymce.html]
[the-internet.herokuapp.com/fonts/fontawesome-webfonte0a5.svg]
[the-internet.herokuapp.com/asdf.html]
[the-internet.herokuapp.com/hjkl.html]
[the-internet.herokuapp.com/about/index.html]
[the-internet.herokuapp.com/contact-us/index.html]
[the-internet.herokuapp.com/portfolio/index.html]
[the-internet.herokuapp.com/gallery/index.html]
[the-internet.herokuapp.com/img/avatars/Original-Facebook-Geek-Profile-Avatar-5.jpg]
[the-internet.herokuapp.com/img/avatars/Original-Facebook-Geek-Profile-Avatar-7.jpg]
[the-internet.herokuapp.com/dynamic_contente46c.html]
[the-internet.herokuapp.com/dynamic_loading/1.html]
[the-internet.herokuapp.com/dynamic_loading/2.html]
[cdn.tiny.cloud/1/mcq6n68fc0vsuywr7nx7awf11byv91g6ihxw5okkzj8aykz6/tinymce/5.10.0-121/tinymce.min.js]
[the-internet.herokuapp.com/download/New Text Document.txt]
[the-internet.herokuapp.com/download/Sony PlayStation 2 BIOS (E)(v2.0)(2004-06-14)[SCPH70008].html]
[the-internet.herokuapp.com/iframe.html]
[the-internet.herokuapp.com/users/1.html]
[the-internet.herokuapp.com/users/2.html]
[the-internet.herokuapp.com/users/3.html]
[the-internet.herokuapp.com/infinite_scroll/1.html]
[the-internet.herokuapp.com/img/jqueryui/menu/ui-bg_flat_75_ffffff_40x100.png]
[the-internet.herokuapp.com/img/jqueryui/menu/ui-bg_glass_75_dadada_1x400.png]
[the-internet.herokuapp.com/img/jqueryui/menu/ui-bg_glass_65_ffffff_1x400.png]
[the-internet.herokuapp.com/img/jqueryui/menu/ui-icons_222222_256x240.png]
[the-internet.herokuapp.com/img/jqueryui/menu/ui-icons_454545_256x240.png]
[the-internet.herokuapp.com/css/jqueryui/menu/menu.css]
[the-internet.herokuapp.com/css/styles.html]
[the-internet.herokuapp.com/jqueryui.html]
[the-internet.herokuapp.com/windows/new.html]
[the-internet.herokuapp.com/frame_top.html]
[the-internet.herokuapp.com/frame_bottom.html]
[the-internet.herokuapp.com/shifting_content/menu.html]
[the-internet.herokuapp.com/img/avatar.jpg]
[the-internet.herokuapp.com/shifting_content/image.html]
[the-internet.herokuapp.com/shifting_content/list.html]
[the-internet.herokuapp.com/status_codes/200.html]
[the-internet.herokuapp.com/status_codes/404.html]
[the-internet.herokuapp.com/infinite_scroll/2.html]
[the-internet.herokuapp.com/css/jqueryui/menu/images/animated-overlay.html]
[the-internet.herokuapp.com/img/jqueryui/menu/ui-bg_highlight-soft_75_cccccc_1x100.html]
[the-internet.herokuapp.com/img/jqueryui/menu/ui-bg_glass_75_e6e6e6_1x400.html]
[the-internet.herokuapp.com/img/jqueryui/menu/ui-bg_glass_55_fbf9ee_1x400.html]
[the-internet.herokuapp.com/img/jqueryui/menu/ui-bg_glass_95_fef1ec_1x400.html]
[the-internet.herokuapp.com/img/jqueryui/menu/ui-icons_888888_256x240.html]
[the-internet.herokuapp.com/img/jqueryui/menu/ui-icons_2e83ff_256x240.html]
[the-internet.herokuapp.com/img/jqueryui/menu/ui-icons_cd0a0a_256x240.html]
[the-internet.herokuapp.com/img/jqueryui/menu/ui-bg_flat_0_aaaaaa_40x100.html]
[the-internet.herokuapp.com/frame_left.html]
[the-internet.herokuapp.com/frame_middle.html]
[the-internet.herokuapp.com/frame_right.html]
[the-internet.herokuapp.com/shifting_content/menu8205.html]
[the-internet.herokuapp.com/shifting_content/menuc36c.html]
[the-internet.herokuapp.com/shifting_content/menu242c.html]
[the-internet.herokuapp.com/shifting_content/image8205.html]
[the-internet.herokuapp.com/shifting_content/imagec36c.html]
[the-internet.herokuapp.com/shifting_content/image242c.html]
[the-internet.herokuapp.com/shifting_content/imagef739.html]
[the-internet.herokuapp.com/infinite_scroll/3.html]
[the-internet.herokuapp.com/status_codes/500.html]
[the-internet.herokuapp.com/infinite_scroll/4.html]
[the-internet.herokuapp.com/infinite_scroll/5.html]
[the-internet.herokuapp.com/infinite_scroll/6.html]
[the-internet.herokuapp.com/infinite_scroll/7.html]
[the-internet.herokuapp.com/infinite_scroll/8.html]
[the-internet.herokuapp.com/infinite_scroll/9.html]
[the-internet.herokuapp.com/infinite_scroll/10.html]
[the-internet.herokuapp.com/infinite_scroll/11.html]
[the-internet.herokuapp.com/infinite_scroll/12.html]
[the-internet.herokuapp.com/infinite_scroll/13.html]
[the-internet.herokuapp.com/infinite_scroll/14.html]
[the-internet.herokuapp.com/infinite_scroll/15.html]
[the-internet.herokuapp.com/infinite_scroll/16.html]
[the-internet.herokuapp.com/infinite_scroll/17.html]
[the-internet.herokuapp.com/infinite_scroll/18.html]
[the-internet.herokuapp.com/infinite_scroll/19.html]
[the-internet.herokuapp.com/infinite_scroll/20.html]
[the-internet.herokuapp.com/infinite_scroll/21.html]
[the-internet.herokuapp.com/infinite_scroll/22.html]
[the-internet.herokuapp.com/infinite_scroll/23.html]
[the-internet.herokuapp.com/infinite_scroll/24.html]
[the-internet.herokuapp.com/infinite_scroll/25.html]
[the-internet.herokuapp.com/infinite_scroll/26.html]
[the-internet.herokuapp.com/infinite_scroll/27.html]
[the-internet.herokuapp.com/infinite_scroll/28.html]
[the-internet.herokuapp.com/infinite_scroll/29.html]
[the-internet.herokuapp.com/infinite_scroll/30.html]
[the-internet.herokuapp.com/infinite_scroll/31.html]
[the-internet.herokuapp.com/infinite_scroll/32.html]
[the-internet.herokuapp.com/infinite_scroll/33.html]
[the-internet.herokuapp.com/infinite_scroll/34.html]
[the-internet.herokuapp.com/infinite_scroll/35.html]
[the-internet.herokuapp.com/infinite_scroll/36.html]
[the-internet.herokuapp.com/infinite_scroll/37.html]
[the-internet.herokuapp.com/infinite_scroll/38.html]
[the-internet.herokuapp.com/infinite_scroll/39.html]
[the-internet.herokuapp.com/infinite_scroll/40.html]
[the-internet.herokuapp.com/infinite_scroll/41.html]
[the-internet.herokuapp.com/infinite_scroll/42.html]
[the-internet.herokuapp.com/infinite_scroll/43.html]
[the-internet.herokuapp.com/infinite_scroll/44.html]
[the-internet.herokuapp.com/infinite_scroll/45.html]
[the-internet.herokuapp.com/infinite_scroll/46.html]
[the-internet.herokuapp.com/infinite_scroll/47.html]
[the-internet.herokuapp.com/infinite_scroll/48.html]
[the-internet.herokuapp.com/infinite_scroll/49.html]
[the-internet.herokuapp.com/infinite_scroll/50.html]
[the-internet.herokuapp.com/infinite_scroll/51.html]
[the-internet.herokuapp.com/infinite_scroll/52.html]
[the-internet.herokuapp.com/infinite_scroll/53.html]
[the-internet.herokuapp.com/infinite_scroll/54.html]
[the-internet.herokuapp.com/infinite_scroll/55.html]
[the-internet.herokuapp.com/infinite_scroll/56.html]
[the-internet.herokuapp.com/infinite_scroll/57.html]
[the-internet.herokuapp.com/infinite_scroll/58.html]
[the-internet.herokuapp.com/infinite_scroll/59.html]
[the-internet.herokuapp.com/infinite_scroll/60.html]
[the-internet.herokuapp.com/infinite_scroll/61.html]
[the-internet.herokuapp.com/infinite_scroll/62.html]
[the-internet.herokuapp.com/infinite_scroll/63.html]
[the-internet.herokuapp.com/infinite_scroll/64.html]
[the-internet.herokuapp.com/infinite_scroll/65.html]
[the-internet.herokuapp.com/infinite_scroll/66.html]
[the-internet.herokuapp.com/infinite_scroll/67.html]
[the-internet.herokuapp.com/infinite_scroll/68.html]
[the-internet.herokuapp.com/infinite_scroll/69.html]
[the-internet.herokuapp.com/infinite_scroll/70.html]
[the-internet.herokuapp.com/infinite_scroll/71.html]
[the-internet.herokuapp.com/infinite_scroll/72.html]
[the-internet.herokuapp.com/infinite_scroll/73.html]
[the-internet.herokuapp.com/infinite_scroll/74.html]
[the-internet.herokuapp.com/infinite_scroll/75.html]
[the-internet.herokuapp.com/infinite_scroll/76.html]
[the-internet.herokuapp.com/infinite_scroll/77.html]
[the-internet.herokuapp.com/infinite_scroll/78.html]
[the-internet.herokuapp.com/infinite_scroll/79.html]
[the-internet.herokuapp.com/infinite_scroll/80.html]
[the-internet.herokuapp.com/infinite_scroll/81.html]
[the-internet.herokuapp.com/infinite_scroll/82.html]
[the-internet.herokuapp.com/infinite_scroll/83.html]
[the-internet.herokuapp.com/infinite_scroll/84.html]
[the-internet.herokuapp.com/infinite_scroll/85.html]
[the-internet.herokuapp.com/infinite_scroll/86.html]
[the-internet.herokuapp.com/infinite_scroll/87.html]
[the-internet.herokuapp.com/infinite_scroll/88.html]
[the-internet.herokuapp.com/infinite_scroll/89.html]
[the-internet.herokuapp.com/infinite_scroll/90.html]
[the-internet.herokuapp.com/infinite_scroll/91.html]
[the-internet.herokuapp.com/infinite_scroll/92.html]
[the-internet.herokuapp.com/infinite_scroll/93.html]
[the-internet.herokuapp.com/infinite_scroll/94.html]
[the-internet.herokuapp.com/infinite_scroll/95.html]
[the-internet.herokuapp.com/infinite_scroll/96.html]
[the-internet.herokuapp.com/infinite_scroll/97.html]
[the-internet.herokuapp.com/infinite_scroll/98.html]
[the-internet.herokuapp.com/infinite_scroll/99.html]
[the-internet.herokuapp.com/infinite_scroll/100.html]
[the-internet.herokuapp.com/infinite_scroll/101.html]
[the-internet.herokuapp.com/infinite_scroll/102.html]
[the-internet.herokuapp.com/infinite_scroll/103.html]
[the-internet.herokuapp.com/infinite_scroll/104.html]
[the-internet.herokuapp.com/infinite_scroll/105.html]
[the-internet.herokuapp.com/infinite_scroll/106.html]
[the-internet.herokuapp.com/infinite_scroll/107.html]
[the-internet.herokuapp.com/infinite_scroll/108.html]
[the-internet.herokuapp.com/infinite_scroll/109.html]
[the-internet.herokuapp.com/infinite_scroll/110.html]
[the-internet.herokuapp.com/infinite_scroll/111.html]
[the-internet.herokuapp.com/infinite_scroll/112.html]
[the-internet.herokuapp.com/infinite_scroll/113.html]
[the-internet.herokuapp.com/infinite_scroll/114.html]
[the-internet.herokuapp.com/infinite_scroll/115.html]
[the-internet.herokuapp.com/infinite_scroll/116.html]
[the-internet.herokuapp.com/infinite_scroll/117.html]
[the-internet.herokuapp.com/infinite_scroll/118.html]
[the-internet.herokuapp.com/infinite_scroll/119.html]
[the-internet.herokuapp.com/infinite_scroll/120.html]
[the-internet.herokuapp.com/infinite_scroll/121.html]
[the-internet.herokuapp.com/infinite_scroll/122.html]
[the-internet.herokuapp.com/infinite_scroll/123.html]
[the-internet.herokuapp.com/infinite_scroll/124.html]
[the-internet.herokuapp.com/infinite_scroll/125.html]
[the-internet.herokuapp.com/infinite_scroll/126.html]
[the-internet.herokuapp.com/infinite_scroll/127.html]
[the-internet.herokuapp.com/infinite_scroll/128.html]
[the-internet.herokuapp.com/infinite_scroll/129.html]
[the-internet.herokuapp.com/infinite_scroll/130.html]
[the-internet.herokuapp.com/infinite_scroll/131.html]
[the-internet.herokuapp.com/infinite_scroll/132.html]
[the-internet.herokuapp.com/infinite_scroll/133.html]
[the-internet.herokuapp.com/infinite_scroll/134.html]
[the-internet.herokuapp.com/infinite_scroll/135.html]
[the-internet.herokuapp.com/infinite_scroll/136.html]
[the-internet.herokuapp.com/infinite_scroll/137.html]
[the-internet.herokuapp.com/infinite_scroll/138.html]
[the-internet.herokuapp.com/infinite_scroll/139.html]
[the-internet.herokuapp.com/infinite_scroll/140.html]
[the-internet.herokuapp.com/infinite_scroll/141.html]
[the-internet.herokuapp.com/infinite_scroll/142.html]
[the-internet.herokuapp.com/infinite_scroll/143.html]
[the-internet.herokuapp.com/infinite_scroll/144.html]
[the-internet.herokuapp.com/infinite_scroll/145.html]
[the-internet.herokuapp.com/infinite_scroll/146.html]
[the-internet.herokuapp.com/infinite_scroll/147.html]
[the-internet.herokuapp.com/infinite_scroll/148.html]
[the-internet.herokuapp.com/infinite_scroll/149.html]
[the-internet.herokuapp.com/infinite_scroll/150.html]
[the-internet.herokuapp.com/infinite_scroll/151.html]
[the-internet.herokuapp.com/infinite_scroll/152.html]
[the-internet.herokuapp.com/infinite_scroll/153.html]
[the-internet.herokuapp.com/infinite_scroll/154.html]
[the-internet.herokuapp.com/infinite_scroll/155.html]
[the-internet.herokuapp.com/infinite_scroll/156.html]
[the-internet.herokuapp.com/infinite_scroll/157.html]
[the-internet.herokuapp.com/infinite_scroll/158.html]
[the-internet.herokuapp.com/infinite_scroll/159.html]
[the-internet.herokuapp.com/infinite_scroll/160.html]
[the-internet.herokuapp.com/infinite_scroll/161.html]
[the-internet.herokuapp.com/infinite_scroll/162.html]
[the-internet.herokuapp.com/infinite_scroll/163.html]
[the-internet.herokuapp.com/infinite_scroll/164.html]
[the-internet.herokuapp.com/infinite_scroll/165.html]
[the-internet.herokuapp.com/infinite_scroll/166.html]
[the-internet.herokuapp.com/infinite_scroll/167.html]
[the-internet.herokuapp.com/infinite_scroll/168.html]
[the-internet.herokuapp.com/infinite_scroll/169.html]
[the-internet.herokuapp.com/infinite_scroll/170.html]
[the-internet.herokuapp.com/infinite_scroll/171.html]
[the-internet.herokuapp.com/infinite_scroll/172.html]
[the-internet.herokuapp.com/infinite_scroll/173.html]
[the-internet.herokuapp.com/infinite_scroll/174.html]
[the-internet.herokuapp.com/infinite_scroll/175.html]
[the-internet.herokuapp.com/infinite_scroll/176.html]
[the-internet.herokuapp.com/infinite_scroll/177.html]
[the-internet.herokuapp.com/infinite_scroll/178.html]
[the-internet.herokuapp.com/infinite_scroll/179.html]
[the-internet.herokuapp.com/infinite_scroll/180.html]
[the-internet.herokuapp.com/infinite_scroll/181.html]
[the-internet.herokuapp.com/infinite_scroll/182.html]
[the-internet.herokuapp.com/infinite_scroll/183.html]
[the-internet.herokuapp.com/infinite_scroll/184.html]
[the-internet.herokuapp.com/infinite_scroll/185.html]
[the-internet.herokuapp.com/infinite_scroll/186.html]
[the-internet.herokuapp.com/infinite_scroll/187.html]
[the-internet.herokuapp.com/infinite_scroll/188.html]
[the-internet.herokuapp.com/infinite_scroll/189.html]
[the-internet.herokuapp.com/infinite_scroll/190.html]
[the-internet.herokuapp.com/infinite_scroll/191.html]
[the-internet.herokuapp.com/infinite_scroll/192.html]
[the-internet.herokuapp.com/infinite_scroll/193.html]
[the-internet.herokuapp.com/infinite_scroll/194.html]
[the-internet.herokuapp.com/infinite_scroll/195.html]
[the-internet.herokuapp.com/infinite_scroll/196.html]
[the-internet.herokuapp.com/infinite_scroll/197.html]
[the-internet.herokuapp.com/infinite_scroll/198.html]
[the-internet.herokuapp.com/infinite_scroll/199.html]
[the-internet.herokuapp.com/infinite_scroll/200.html]
[the-internet.herokuapp.com/infinite_scroll/201.html]
[the-internet.herokuapp.com/infinite_scroll/202.html]
[the-internet.herokuapp.com/infinite_scroll/203.html]
[the-internet.herokuapp.com/infinite_scroll/204.html]
[the-internet.herokuapp.com/infinite_scroll/205.html]
[the-internet.herokuapp.com/infinite_scroll/206.html]
[the-internet.herokuapp.com/infinite_scroll/207.html]
[the-internet.herokuapp.com/infinite_scroll/208.html]
[the-internet.herokuapp.com/infinite_scroll/209.html]
[the-internet.herokuapp.com/infinite_scroll/210.html]
[the-internet.herokuapp.com/infinite_scroll/211.html]
[the-internet.herokuapp.com/infinite_scroll/212.html]
[the-internet.herokuapp.com/infinite_scroll/213.html]
[the-internet.herokuapp.com/infinite_scroll/214.html]
[the-internet.herokuapp.com/infinite_scroll/215.html]
[the-internet.herokuapp.com/infinite_scroll/216.html]
[the-internet.herokuapp.com/infinite_scroll/217.html]
[the-internet.herokuapp.com/infinite_scroll/218.html]
[the-internet.herokuapp.com/infinite_scroll/219.html]
[the-internet.herokuapp.com/infinite_scroll/220.html]
[the-internet.herokuapp.com/infinite_scroll/221.html]
[the-internet.herokuapp.com/infinite_scroll/222.html]
[the-internet.herokuapp.com/infinite_scroll/223.html]
[the-internet.herokuapp.com/infinite_scroll/224.html]
[the-internet.herokuapp.com/infinite_scroll/225.html]
[the-internet.herokuapp.com/infinite_scroll/226.html]
[the-internet.herokuapp.com/infinite_scroll/227.html]
[the-internet.herokuapp.com/infinite_scroll/228.html]
[the-internet.herokuapp.com/infinite_scroll/229.html]
[the-internet.herokuapp.com/infinite_scroll/230.html]
[the-internet.herokuapp.com/infinite_scroll/231.html]
[the-internet.herokuapp.com/infinite_scroll/232.html]
[the-internet.herokuapp.com/infinite_scroll/233.html]
[the-internet.herokuapp.com/infinite_scroll/234.html]
[the-internet.herokuapp.com/infinite_scroll/235.html]
[the-internet.herokuapp.com/infinite_scroll/236.html]
[the-internet.herokuapp.com/infinite_scroll/237.html]
[the-internet.herokuapp.com/infinite_scroll/238.html]
[the-internet.herokuapp.com/infinite_scroll/239.html]
[the-internet.herokuapp.com/infinite_scroll/240.html]
[the-internet.herokuapp.com/infinite_scroll/241.html]
[the-internet.herokuapp.com/infinite_scroll/242.html]
[the-internet.herokuapp.com/infinite_scroll/243.html]
[the-internet.herokuapp.com/infinite_scroll/244.html]
[the-internet.herokuapp.com/infinite_scroll/245.html]
[the-internet.herokuapp.com/infinite_scroll/246.html]
[the-internet.herokuapp.com/infinite_scroll/247.html]
[the-internet.herokuapp.com/infinite_scroll/248.html]
[the-internet.herokuapp.com/infinite_scroll/249.html]
[the-internet.herokuapp.com/infinite_scroll/250.html]
[the-internet.herokuapp.com/infinite_scroll/251.html]
[the-internet.herokuapp.com/infinite_scroll/252.html]
[the-internet.herokuapp.com/infinite_scroll/253.html]
[the-internet.herokuapp.com/infinite_scroll/254.html]
[the-internet.herokuapp.com/infinite_scroll/255.html]
[the-internet.herokuapp.com/infinite_scroll/256.html]
[the-internet.herokuapp.com/infinite_scroll/257.html]
[the-internet.herokuapp.com/infinite_scroll/258.html]
[the-internet.herokuapp.com/infinite_scroll/259.html]
[the-internet.herokuapp.com/infinite_scroll/260.html]
[the-internet.herokuapp.com/infinite_scroll/261.html]
[the-internet.herokuapp.com/infinite_scroll/262.html]
[the-internet.herokuapp.com/infinite_scroll/263.html]
[the-internet.herokuapp.com/infinite_scroll/264.html]
[the-internet.herokuapp.com/infinite_scroll/265.html]
[the-internet.herokuapp.com/infinite_scroll/266.html]
[the-internet.herokuapp.com/infinite_scroll/267.html]
[the-internet.herokuapp.com/infinite_scroll/268.html]
[the-internet.herokuapp.com/infinite_scroll/269.html]
[the-internet.herokuapp.com/infinite_scroll/270.html]
[the-internet.herokuapp.com/infinite_scroll/271.html]
[the-internet.herokuapp.com/infinite_scroll/272.html]
[the-internet.herokuapp.com/infinite_scroll/273.html]
[the-internet.herokuapp.com/infinite_scroll/274.html]
[the-internet.herokuapp.com/infinite_scroll/275.html]
[the-internet.herokuapp.com/infinite_scroll/276.html]
[the-internet.herokuapp.com/infinite_scroll/277.html]
[the-internet.herokuapp.com/infinite_scroll/278.html]
[the-internet.herokuapp.com/infinite_scroll/279.html]
[the-internet.herokuapp.com/infinite_scroll/280.html]
[the-internet.herokuapp.com/infinite_scroll/281.html]
[the-internet.herokuapp.com/infinite_scroll/282.html]
[the-internet.herokuapp.com/infinite_scroll/283.html]
[the-internet.herokuapp.com/infinite_scroll/284.html]
[the-internet.herokuapp.com/infinite_scroll/285.html]
[the-internet.herokuapp.com/infinite_scroll/286.html]
[the-internet.herokuapp.com/infinite_scroll/287.html]
[the-internet.herokuapp.com/infinite_scroll/288.html]
[the-internet.herokuapp.com/infinite_scroll/289.html]
[the-internet.herokuapp.com/infinite_scroll/290.html]
[the-internet.herokuapp.com/infinite_scroll/291.html]
[the-internet.herokuapp.com/infinite_scroll/292.html]
[the-internet.herokuapp.com/infinite_scroll/293.html]
[the-internet.herokuapp.com/infinite_scroll/294.html]
[the-internet.herokuapp.com/infinite_scroll/295.html]
[the-internet.herokuapp.com/infinite_scroll/296.html]
[the-internet.herokuapp.com/infinite_scroll/297.html]
[the-internet.herokuapp.com/infinite_scroll/298.html]
[the-internet.herokuapp.com/infinite_scroll/299.html]
[the-internet.herokuapp.com/infinite_scroll/300.html]
[the-internet.herokuapp.com/infinite_scroll/301.html]
[the-internet.herokuapp.com/infinite_scroll/302.html]
[the-internet.herokuapp.com/infinite_scroll/303.html]
[the-internet.herokuapp.com/infinite_scroll/304.html]
[the-internet.herokuapp.com/infinite_scroll/305.html]
[the-internet.herokuapp.com/infinite_scroll/306.html]
[the-internet.herokuapp.com/infinite_scroll/307.html]
[the-internet.herokuapp.com/infinite_scroll/308.html]
[the-internet.herokuapp.com/infinite_scroll/309.html]
[the-internet.herokuapp.com/infinite_scroll/310.html]
[the-internet.herokuapp.com/infinite_scroll/311.html]
[the-internet.herokuapp.com/infinite_scroll/312.html]
[the-internet.herokuapp.com/infinite_scroll/313.html]
[the-internet.herokuapp.com/infinite_scroll/314.html]
[the-internet.herokuapp.com/infinite_scroll/315.html]
[the-internet.herokuapp.com/infinite_scroll/316.html]
[the-internet.herokuapp.com/infinite_scroll/317.html]
[the-internet.herokuapp.com/infinite_scroll/318.html]
[the-internet.herokuapp.com/infinite_scroll/319.html]
[the-internet.herokuapp.com/infinite_scroll/320.html]
[the-internet.herokuapp.com/infinite_scroll/321.html]
[the-internet.herokuapp.com/infinite_scroll/322.html]
[the-internet.herokuapp.com/infinite_scroll/323.html]
[the-internet.herokuapp.com/infinite_scroll/324.html]
[the-internet.herokuapp.com/infinite_scroll/325.html]
[the-internet.herokuapp.com/infinite_scroll/326.html]
[the-internet.herokuapp.com/infinite_scroll/327.html]
[the-internet.herokuapp.com/infinite_scroll/328.html]
[the-internet.herokuapp.com/infinite_scroll/329.html]
[the-internet.herokuapp.com/infinite_scroll/330.html]
[the-internet.herokuapp.com/infinite_scroll/331.html]
[the-internet.herokuapp.com/infinite_scroll/332.html]
[the-internet.herokuapp.com/infinite_scroll/333.html]
[the-internet.herokuapp.com/infinite_scroll/334.html]
[the-internet.herokuapp.com/infinite_scroll/335.html]
[the-internet.herokuapp.com/infinite_scroll/336.html]
[the-internet.herokuapp.com/infinite_scroll/337.html]
[the-internet.herokuapp.com/infinite_scroll/338.html]
[the-internet.herokuapp.com/infinite_scroll/339.html]
[the-internet.herokuapp.com/infinite_scroll/340.html]
[the-internet.herokuapp.com/infinite_scroll/341.html]
[the-internet.herokuapp.com/infinite_scroll/342.html]
[the-internet.herokuapp.com/infinite_scroll/343.html]
[the-internet.herokuapp.com/infinite_scroll/344.html]
[the-internet.herokuapp.com/infinite_scroll/345.html]
[the-internet.herokuapp.com/infinite_scroll/346.html]
[the-internet.herokuapp.com/infinite_scroll/347.html]
[the-internet.herokuapp.com/infinite_scroll/348.html]
[the-internet.herokuapp.com/infinite_scroll/349.html]
[the-internet.herokuapp.com/infinite_scroll/350.html]
[the-internet.herokuapp.com/infinite_scroll/351.html]
[the-internet.herokuapp.com/infinite_scroll/352.html]
[the-internet.herokuapp.com/infinite_scroll/353.html]
[the-internet.herokuapp.com/infinite_scroll/354.html]
[the-internet.herokuapp.com/infinite_scroll/355.html]
[the-internet.herokuapp.com/infinite_scroll/356.html]
[the-internet.herokuapp.com/infinite_scroll/357.html]
[the-internet.herokuapp.com/infinite_scroll/358.html]
[the-internet.herokuapp.com/infinite_scroll/359.html]
[the-internet.herokuapp.com/infinite_scroll/360.html]
[the-internet.herokuapp.com/infinite_scroll/361.html]
[the-internet.herokuapp.com/infinite_scroll/362.html]
[the-internet.herokuapp.com/infinite_scroll/363.html]
[the-internet.herokuapp.com/infinite_scroll/364.html]
[the-internet.herokuapp.com/infinite_scroll/365.html]
[the-internet.herokuapp.com/infinite_scroll/366.html]
[the-internet.herokuapp.com/infinite_scroll/367.html]
[the-internet.herokuapp.com/infinite_scroll/368.html]
[the-internet.herokuapp.com/infinite_scroll/369.html]
[the-internet.herokuapp.com/infinite_scroll/370.html]
[the-internet.herokuapp.com/infinite_scroll/371.html]
[the-internet.herokuapp.com/infinite_scroll/372.html]
[the-internet.herokuapp.com/infinite_scroll/373.html]
[the-internet.herokuapp.com/infinite_scroll/374.html]
[the-internet.herokuapp.com/infinite_scroll/375.html]
[the-internet.herokuapp.com/infinite_scroll/376.html]
[the-internet.herokuapp.com/infinite_scroll/377.html]
[the-internet.herokuapp.com/infinite_scroll/378.html]
[the-internet.herokuapp.com/infinite_scroll/379.html]
[the-internet.herokuapp.com/infinite_scroll/380.html]
[the-internet.herokuapp.com/infinite_scroll/381.html]
[the-internet.herokuapp.com/infinite_scroll/382.html]
[the-internet.herokuapp.com/infinite_scroll/383.html]
[the-internet.herokuapp.com/infinite_scroll/384.html]
[the-internet.herokuapp.com/infinite_scroll/385.html]
[the-internet.herokuapp.com/infinite_scroll/386.html]
[the-internet.herokuapp.com/infinite_scroll/387.html]
[the-internet.herokuapp.com/infinite_scroll/388.html]
[the-internet.herokuapp.com/infinite_scroll/389.html]
[the-internet.herokuapp.com/infinite_scroll/390.html]
[the-internet.herokuapp.com/infinite_scroll/391.html]
[the-internet.herokuapp.com/infinite_scroll/392.html]
[the-internet.herokuapp.com/infinite_scroll/393.html]
[the-internet.herokuapp.com/infinite_scroll/394.html]
[the-internet.herokuapp.com/infinite_scroll/395.html]
[the-internet.herokuapp.com/infinite_scroll/396.html]
[the-internet.herokuapp.com/infinite_scroll/397.html]
[the-internet.herokuapp.com/infinite_scroll/398.html]
[the-internet.herokuapp.com/infinite_scroll/399.html]
[the-internet.herokuapp.com/infinite_scroll/400.html]
[the-internet.herokuapp.com/infinite_scroll/401.html]
[the-internet.herokuapp.com/infinite_scroll/402.html]
[the-internet.herokuapp.com/infinite_scroll/403.html]
[the-internet.herokuapp.com/infinite_scroll/404.html]
[the-internet.herokuapp.com/infinite_scroll/405.html]
[the-internet.herokuapp.com/infinite_scroll/406.html]
[the-internet.herokuapp.com/infinite_scroll/407.html]
[the-internet.herokuapp.com/infinite_scroll/408.html]
[the-internet.herokuapp.com/infinite_scroll/409.html]
[the-internet.herokuapp.com/infinite_scroll/410.html]
[the-internet.herokuapp.com/infinite_scroll/411.html]
[the-internet.herokuapp.com/infinite_scroll/412.html]
[the-internet.herokuapp.com/infinite_scroll/413.html]
[the-internet.herokuapp.com/infinite_scroll/414.html]
[the-internet.herokuapp.com/infinite_scroll/415.html]
[the-internet.herokuapp.com/infinite_scroll/416.html]
[the-internet.herokuapp.com/infinite_scroll/417.html]
[the-internet.herokuapp.com/infinite_scroll/418.html]
[the-internet.herokuapp.com/infinite_scroll/419.html]
[the-internet.herokuapp.com/infinite_scroll/420.html]
[the-internet.herokuapp.com/infinite_scroll/421.html]
[the-internet.herokuapp.com/infinite_scroll/422.html]
[the-internet.herokuapp.com/infinite_scroll/423.html]
[the-internet.herokuapp.com/infinite_scroll/424.html]
[the-internet.herokuapp.com/infinite_scroll/425.html]
[the-internet.herokuapp.com/infinite_scroll/426.html]
[the-internet.herokuapp.com/infinite_scroll/427.html]
[the-internet.herokuapp.com/infinite_scroll/428.html]
[the-internet.herokuapp.com/infinite_scroll/429.html]
[the-internet.herokuapp.com/infinite_scroll/430.html]
[the-internet.herokuapp.com/infinite_scroll/431.html]
[the-internet.herokuapp.com/infinite_scroll/432.html]
[the-internet.herokuapp.com/infinite_scroll/433.html]
[the-internet.herokuapp.com/infinite_scroll/434.html]
[the-internet.herokuapp.com/infinite_scroll/435.html]
[the-internet.herokuapp.com/infinite_scroll/436.html]
[the-internet.herokuapp.com/infinite_scroll/437.html]
[the-internet.herokuapp.com/infinite_scroll/438.html]
[the-internet.herokuapp.com/infinite_scroll/439.html]
[the-internet.herokuapp.com/infinite_scroll/440.html]
[the-internet.herokuapp.com/infinite_scroll/441.html]
[the-internet.herokuapp.com/infinite_scroll/442.html]
[the-internet.herokuapp.com/infinite_scroll/443.html]
[the-internet.herokuapp.com/infinite_scroll/444.html]
[the-internet.herokuapp.com/infinite_scroll/445.html]
[the-internet.herokuapp.com/infinite_scroll/446.html]
[the-internet.herokuapp.com/infinite_scroll/447.html]
[the-internet.herokuapp.com/infinite_scroll/448.html]
[the-internet.herokuapp.com/infinite_scroll/449.html]
[the-internet.herokuapp.com/infinite_scroll/450.html]
[the-internet.herokuapp.com/infinite_scroll/451.html]
[the-internet.herokuapp.com/infinite_scroll/452.html]
[the-internet.herokuapp.com/infinite_scroll/453.html]
[the-internet.herokuapp.com/infinite_scroll/454.html]
[the-internet.herokuapp.com/infinite_scroll/455.html]
[the-internet.herokuapp.com/infinite_scroll/456.html]
[the-internet.herokuapp.com/infinite_scroll/457.html]
[the-internet.herokuapp.com/infinite_scroll/458.html]
[the-internet.herokuapp.com/infinite_scroll/459.html]
[the-internet.herokuapp.com/infinite_scroll/460.html]
[the-internet.herokuapp.com/infinite_scroll/461.html]
[the-internet.herokuapp.com/infinite_scroll/462.html]
[the-internet.herokuapp.com/infinite_scroll/463.html]
[the-internet.herokuapp.com/infinite_scroll/464.html]
[the-internet.herokuapp.com/infinite_scroll/465.html]
[the-internet.herokuapp.com/infinite_scroll/466.html]
[the-internet.herokuapp.com/infinite_scroll/467.html]
[the-internet.herokuapp.com/infinite_scroll/468.html]
[the-internet.herokuapp.com/infinite_scroll/469.html]
[the-internet.herokuapp.com/infinite_scroll/470.html]
[the-internet.herokuapp.com/infinite_scroll/471.html]
[the-internet.herokuapp.com/infinite_scroll/472.html]
[the-internet.herokuapp.com/infinite_scroll/473.html]
[the-internet.herokuapp.com/infinite_scroll/474.html]
[the-internet.herokuapp.com/infinite_scroll/475.html]
[the-internet.herokuapp.com/infinite_scroll/476.html]
[the-internet.herokuapp.com/infinite_scroll/477.html]
[the-internet.herokuapp.com/infinite_scroll/478.html]
[the-internet.herokuapp.com/infinite_scroll/479.html]
[the-internet.herokuapp.com/infinite_scroll/480.html]
[the-internet.herokuapp.com/infinite_scroll/481.html]
[the-internet.herokuapp.com/infinite_scroll/482.html]
[the-internet.herokuapp.com/infinite_scroll/483.html]
[the-internet.herokuapp.com/infinite_scroll/484.html]
[the-internet.herokuapp.com/infinite_scroll/485.html]
[the-internet.herokuapp.com/infinite_scroll/486.html]
[the-internet.herokuapp.com/infinite_scroll/487.html]
[the-internet.herokuapp.com/infinite_scroll/488.html]
[the-internet.herokuapp.com/infinite_scroll/489.html]
[the-internet.herokuapp.com/infinite_scroll/490.html]
[the-internet.herokuapp.com/infinite_scroll/491.html]
[the-internet.herokuapp.com/infinite_scroll/492.html]
[the-internet.herokuapp.com/infinite_scroll/493.html]
[the-internet.herokuapp.com/infinite_scroll/494.html]
[the-internet.herokuapp.com/infinite_scroll/495.html]
[the-internet.herokuapp.com/infinite_scroll/496.html]
[the-internet.herokuapp.com/infinite_scroll/497.html]
[the-internet.herokuapp.com/infinite_scroll/498.html]
[the-internet.herokuapp.com/infinite_scroll/499.html]
[the-internet.herokuapp.com/infinite_scroll/500.html]
[the-internet.herokuapp.com/infinite_scroll/501.html]
[the-internet.herokuapp.com/infinite_scroll/502.html]
[the-internet.herokuapp.com/infinite_scroll/503.html]
[the-internet.herokuapp.com/infinite_scroll/504.html]
[the-internet.herokuapp.com/infinite_scroll/505.html]
[the-internet.herokuapp.com/infinite_scroll/506.html]
[the-internet.herokuapp.com/infinite_scroll/507.html]
[the-internet.herokuapp.com/infinite_scroll/508.html]
[the-internet.herokuapp.com/infinite_scroll/509.html]
[the-internet.herokuapp.com/infinite_scroll/510.html]
[the-internet.herokuapp.com/infinite_scroll/511.html]
[the-internet.herokuapp.com/infinite_scroll/512.html]
[the-internet.herokuapp.com/infinite_scroll/513.html]
[the-internet.herokuapp.com/infinite_scroll/514.html]
[the-internet.herokuapp.com/infinite_scroll/515.html]
[the-internet.herokuapp.com/infinite_scroll/516.html]
[the-internet.herokuapp.com/infinite_scroll/517.html]
[the-internet.herokuapp.com/infinite_scroll/518.html]
[the-internet.herokuapp.com/infinite_scroll/519.html]
[the-internet.herokuapp.com/infinite_scroll/520.html]
[the-internet.herokuapp.com/infinite_scroll/521.html]
[the-internet.herokuapp.com/infinite_scroll/522.html]
[the-internet.herokuapp.com/infinite_scroll/523.html]
[the-internet.herokuapp.com/infinite_scroll/524.html]
[the-internet.herokuapp.com/infinite_scroll/525.html]
[the-internet.herokuapp.com/infinite_scroll/526.html]
[the-internet.herokuapp.com/infinite_scroll/527.html]
[the-internet.herokuapp.com/infinite_scroll/528.html]
[the-internet.herokuapp.com/infinite_scroll/529.html]
[the-internet.herokuapp.com/infinite_scroll/530.html]
[the-internet.herokuapp.com/infinite_scroll/531.html]
[the-internet.herokuapp.com/infinite_scroll/532.html]
[the-internet.herokuapp.com/infinite_scroll/533.html]
[the-internet.herokuapp.com/infinite_scroll/534.html]
[the-internet.herokuapp.com/infinite_scroll/535.html]
[the-internet.herokuapp.com/infinite_scroll/536.html]
[the-internet.herokuapp.com/infinite_scroll/537.html]
[the-internet.herokuapp.com/infinite_scroll/538.html]
[the-internet.herokuapp.com/infinite_scroll/539.html]
[the-internet.herokuapp.com/infinite_scroll/540.html]
[the-internet.herokuapp.com/infinite_scroll/541.html]
[the-internet.herokuapp.com/infinite_scroll/542.html]
[the-internet.herokuapp.com/infinite_scroll/543.html]
[the-internet.herokuapp.com/infinite_scroll/544.html]
[the-internet.herokuapp.com/infinite_scroll/545.html]
[the-internet.herokuapp.com/infinite_scroll/546.html]
[the-internet.herokuapp.com/infinite_scroll/547.html]
[the-internet.herokuapp.com/infinite_scroll/548.html]
[the-internet.herokuapp.com/infinite_scroll/549.html]
[the-internet.herokuapp.com/infinite_scroll/550.html]
[the-internet.herokuapp.com/infinite_scroll/551.html]
[the-internet.herokuapp.com/infinite_scroll/552.html]
[the-internet.herokuapp.com/infinite_scroll/553.html]
[the-internet.herokuapp.com/infinite_scroll/554.html]
[the-internet.herokuapp.com/infinite_scroll/555.html]
[the-internet.herokuapp.com/infinite_scroll/556.html]
[the-internet.herokuapp.com/infinite_scroll/557.html]
[the-internet.herokuapp.com/infinite_scroll/558.html]
[the-internet.herokuapp.com/infinite_scroll/559.html]
[the-internet.herokuapp.com/infinite_scroll/560.html]
[the-internet.herokuapp.com/infinite_scroll/561.html]
[the-internet.herokuapp.com/infinite_scroll/562.html]
[the-internet.herokuapp.com/infinite_scroll/563.html]
[the-internet.herokuapp.com/infinite_scroll/564.html]
[the-internet.herokuapp.com/infinite_scroll/565.html]
[the-internet.herokuapp.com/infinite_scroll/566.html]
[the-internet.herokuapp.com/infinite_scroll/567.html]
[the-internet.herokuapp.com/infinite_scroll/568.html]
[the-internet.herokuapp.com/infinite_scroll/569.html]
[the-internet.herokuapp.com/infinite_scroll/570.html]
[the-internet.herokuapp.com/infinite_scroll/571.html]
[the-internet.herokuapp.com/infinite_scroll/572.html]
[the-internet.herokuapp.com/infinite_scroll/573.html]
[the-internet.herokuapp.com/infinite_scroll/574.html]
[the-internet.herokuapp.com/infinite_scroll/575.html]
[the-internet.herokuapp.com/infinite_scroll/576.html]
[the-internet.herokuapp.com/infinite_scroll/577.html]
[the-internet.herokuapp.com/infinite_scroll/578.html]
[the-internet.herokuapp.com/infinite_scroll/579.html]
[the-internet.herokuapp.com/infinite_scroll/580.html]
[the-internet.herokuapp.com/infinite_scroll/581.html]
[the-internet.herokuapp.com/infinite_scroll/582.html]
[the-internet.herokuapp.com/infinite_scroll/583.html]
[the-internet.herokuapp.com/infinite_scroll/584.html]
[the-internet.herokuapp.com/infinite_scroll/585.html]
[the-internet.herokuapp.com/infinite_scroll/586.html]
[the-internet.herokuapp.com/infinite_scroll/587.html]
[the-internet.herokuapp.com/infinite_scroll/588.html]
[the-internet.herokuapp.com/infinite_scroll/589.html]
[the-internet.herokuapp.com/infinite_scroll/590.html]
[the-internet.herokuapp.com/infinite_scroll/591.html]
[the-internet.herokuapp.com/infinite_scroll/592.html]
[the-internet.herokuapp.com/infinite_scroll/593.html]
[the-internet.herokuapp.com/infinite_scroll/594.html]
[the-internet.herokuapp.com/infinite_scroll/595.html]
[the-internet.herokuapp.com/infinite_scroll/596.html]
[the-internet.herokuapp.com/infinite_scroll/597.html]
[the-internet.herokuapp.com/infinite_scroll/598.html]
[the-internet.herokuapp.com/infinite_scroll/599.html]
[the-internet.herokuapp.com/infinite_scroll/600.html]
[the-internet.herokuapp.com/infinite_scroll/601.html]
[the-internet.herokuapp.com/infinite_scroll/602.html]
[the-internet.herokuapp.com/infinite_scroll/603.html]
[the-internet.herokuapp.com/infinite_scroll/604.html]
[the-internet.herokuapp.com/infinite_scroll/605.html]
[the-internet.herokuapp.com/infinite_scroll/606.html]
[the-internet.herokuapp.com/infinite_scroll/607.html]
[the-internet.herokuapp.com/infinite_scroll/608.html]
[the-internet.herokuapp.com/infinite_scroll/609.html]
[the-internet.herokuapp.com/infinite_scroll/610.html]
[the-internet.herokuapp.com/infinite_scroll/611.html]
[the-internet.herokuapp.com/infinite_scroll/612.html]
[the-internet.herokuapp.com/infinite_scroll/613.html]
[the-internet.herokuapp.com/infinite_scroll/614.html]
[the-internet.herokuapp.com/infinite_scroll/615.html]
[the-internet.herokuapp.com/infinite_scroll/616.html]
[the-internet.herokuapp.com/infinite_scroll/617.html]
[the-internet.herokuapp.com/infinite_scroll/618.html]
[the-internet.herokuapp.com/infinite_scroll/619.html]
[the-internet.herokuapp.com/infinite_scroll/620.html]
[the-internet.herokuapp.com/infinite_scroll/621.html]
[the-internet.herokuapp.com/infinite_scroll/622.html]
[the-internet.herokuapp.com/infinite_scroll/623.html]
[the-internet.herokuapp.com/infinite_scroll/624.html]
[the-internet.herokuapp.com/infinite_scroll/625.html]
[the-internet.herokuapp.com/infinite_scroll/626.html]
[the-internet.herokuapp.com/infinite_scroll/627.html]
[the-internet.herokuapp.com/infinite_scroll/628.html]
[the-internet.herokuapp.com/infinite_scroll/629.html]
[the-internet.herokuapp.com/infinite_scroll/630.html]
[the-internet.herokuapp.com/infinite_scroll/631.html]
[the-internet.herokuapp.com/infinite_scroll/632.html]
[the-internet.herokuapp.com/infinite_scroll/633.html]
[the-internet.herokuapp.com/infinite_scroll/634.html]
[the-internet.herokuapp.com/infinite_scroll/635.html]
[the-internet.herokuapp.com/infinite_scroll/636.html]
[the-internet.herokuapp.com/infinite_scroll/637.html]
[the-internet.herokuapp.com/infinite_scroll/638.html]
[the-internet.herokuapp.com/infinite_scroll/639.html]
[the-internet.herokuapp.com/infinite_scroll/640.html]
[the-internet.herokuapp.com/infinite_scroll/641.html]
[the-internet.herokuapp.com/infinite_scroll/642.html]
[the-internet.herokuapp.com/infinite_scroll/643.html]
[the-internet.herokuapp.com/infinite_scroll/644.html]
[the-internet.herokuapp.com/infinite_scroll/645.html]
[the-internet.herokuapp.com/infinite_scroll/646.html]
[the-internet.herokuapp.com/infinite_scroll/647.html]
[the-internet.herokuapp.com/infinite_scroll/648.html]
[the-internet.herokuapp.com/infinite_scroll/649.html]
[the-internet.herokuapp.com/infinite_scroll/650.html]
[the-internet.herokuapp.com/infinite_scroll/651.html]
[the-internet.herokuapp.com/infinite_scroll/652.html]
[the-internet.herokuapp.com/infinite_scroll/653.html]
[the-internet.herokuapp.com/infinite_scroll/654.html]
[the-internet.herokuapp.com/infinite_scroll/655.html]
[the-internet.herokuapp.com/infinite_scroll/656.html]
[the-internet.herokuapp.com/infinite_scroll/657.html]
[the-internet.herokuapp.com/infinite_scroll/658.html]
[the-internet.herokuapp.com/infinite_scroll/659.html]
[the-internet.herokuapp.com/infinite_scroll/660.html]
[the-internet.herokuapp.com/infinite_scroll/661.html]
[the-internet.herokuapp.com/infinite_scroll/662.html]
[the-internet.herokuapp.com/infinite_scroll/663.html]
[the-internet.herokuapp.com/infinite_scroll/664.html]
[the-internet.herokuapp.com/infinite_scroll/665.html]
[the-internet.herokuapp.com/infinite_scroll/666.html]
[the-internet.herokuapp.com/infinite_scroll/667.html]
[the-internet.herokuapp.com/infinite_scroll/668.html]
[the-internet.herokuapp.com/infinite_scroll/669.html]
[the-internet.herokuapp.com/infinite_scroll/670.html]
[the-internet.herokuapp.com/infinite_scroll/671.html]
[the-internet.herokuapp.com/infinite_scroll/672.html]
[the-internet.herokuapp.com/infinite_scroll/673.html]
[the-internet.herokuapp.com/infinite_scroll/674.html]
[the-internet.herokuapp.com/infinite_scroll/675.html]
[the-internet.herokuapp.com/infinite_scroll/676.html]
[the-internet.herokuapp.com/infinite_scroll/677.html]
[the-internet.herokuapp.com/infinite_scroll/678.html]
[the-internet.herokuapp.com/infinite_scroll/679.html]
[the-internet.herokuapp.com/infinite_scroll/680.html]
[the-internet.herokuapp.com/infinite_scroll/681.html]
[the-internet.herokuapp.com/infinite_scroll/682.html]
[the-internet.herokuapp.com/infinite_scroll/683.html]
[the-internet.herokuapp.com/infinite_scroll/684.html]
[the-internet.herokuapp.com/infinite_scroll/685.html]
[the-internet.herokuapp.com/infinite_scroll/686.html]
[the-internet.herokuapp.com/infinite_scroll/687.html]
[the-internet.herokuapp.com/infinite_scroll/688.html]
[the-internet.herokuapp.com/infinite_scroll/689.html]
[the-internet.herokuapp.com/infinite_scroll/690.html]
[the-internet.herokuapp.com/infinite_scroll/691.html]
[the-internet.herokuapp.com/infinite_scroll/692.html]
[the-internet.herokuapp.com/infinite_scroll/693.html]
[the-internet.herokuapp.com/infinite_scroll/694.html]
[the-internet.herokuapp.com/infinite_scroll/695.html]
[the-internet.herokuapp.com/infinite_scroll/696.html]
[the-internet.herokuapp.com/infinite_scroll/697.html]
[the-internet.herokuapp.com/infinite_scroll/698.html]
[the-internet.herokuapp.com/infinite_scroll/699.html]
[the-internet.herokuapp.com/infinite_scroll/700.html]
[the-internet.herokuapp.com/infinite_scroll/701.html]
[the-internet.herokuapp.com/infinite_scroll/702.html]
[the-internet.herokuapp.com/infinite_scroll/703.html]
[the-internet.herokuapp.com/infinite_scroll/704.html]
[the-internet.herokuapp.com/infinite_scroll/705.html]
[the-internet.herokuapp.com/infinite_scroll/706.html]
[the-internet.herokuapp.com/infinite_scroll/707.html]
[the-internet.herokuapp.com/infinite_scroll/708.html]
[the-internet.herokuapp.com/infinite_scroll/709.html]
[the-internet.herokuapp.com/infinite_scroll/710.html]
[the-internet.herokuapp.com/infinite_scroll/711.html]
[the-internet.herokuapp.com/infinite_scroll/712.html]
[the-internet.herokuapp.com/infinite_scroll/713.html]
[the-internet.herokuapp.com/infinite_scroll/714.html]
[the-internet.herokuapp.com/infinite_scroll/715.html]
[the-internet.herokuapp.com/infinite_scroll/716.html]
[the-internet.herokuapp.com/infinite_scroll/717.html]
[the-internet.herokuapp.com/infinite_scroll/718.html]
[the-internet.herokuapp.com/infinite_scroll/719.html]
[the-internet.herokuapp.com/infinite_scroll/720.html]
[the-internet.herokuapp.com/infinite_scroll/721.html]
[the-internet.herokuapp.com/infinite_scroll/722.html]
[the-internet.herokuapp.com/infinite_scroll/723.html]
[the-internet.herokuapp.com/infinite_scroll/724.html]
[the-internet.herokuapp.com/infinite_scroll/725.html]
[the-internet.herokuapp.com/infinite_scroll/726.html]
[the-internet.herokuapp.com/infinite_scroll/727.html]
[the-internet.herokuapp.com/infinite_scroll/728.html]
[the-internet.herokuapp.com/infinite_scroll/729.html]
[the-internet.herokuapp.com/infinite_scroll/730.html]
[the-internet.herokuapp.com/infinite_scroll/731.html]
[the-internet.herokuapp.com/infinite_scroll/732.html]
[the-internet.herokuapp.com/infinite_scroll/733.html]
[the-internet.herokuapp.com/infinite_scroll/734.html]
[the-internet.herokuapp.com/infinite_scroll/735.html]
[the-internet.herokuapp.com/infinite_scroll/736.html]
[the-internet.herokuapp.com/infinite_scroll/737.html]
[the-internet.herokuapp.com/infinite_scroll/738.html]
[the-internet.herokuapp.com/infinite_scroll/739.html]
[the-internet.herokuapp.com/infinite_scroll/740.html]
[the-internet.herokuapp.com/infinite_scroll/741.html]
[the-internet.herokuapp.com/infinite_scroll/742.html]
[the-internet.herokuapp.com/infinite_scroll/743.html]
[the-internet.herokuapp.com/infinite_scroll/744.html]
[the-internet.herokuapp.com/infinite_scroll/745.html]
[the-internet.herokuapp.com/infinite_scroll/746.html]
[the-internet.herokuapp.com/infinite_scroll/747.html]
[the-internet.herokuapp.com/infinite_scroll/748.html]
[the-internet.herokuapp.com/infinite_scroll/749.html]
[the-internet.herokuapp.com/infinite_scroll/750.html]
[the-internet.herokuapp.com/infinite_scroll/751.html]
[the-internet.herokuapp.com/infinite_scroll/752.html]
[the-internet.herokuapp.com/infinite_scroll/753.html]
[the-internet.herokuapp.com/infinite_scroll/754.html]
[the-internet.herokuapp.com/infinite_scroll/755.html]
[the-internet.herokuapp.com/infinite_scroll/756.html]
[the-internet.herokuapp.com/infinite_scroll/757.html]
[the-internet.herokuapp.com/infinite_scroll/758.html]
[the-internet.herokuapp.com/infinite_scroll/759.html]
[the-internet.herokuapp.com/infinite_scroll/760.html]
[the-internet.herokuapp.com/infinite_scroll/761.html]
[the-internet.herokuapp.com/infinite_scroll/762.html]
[the-internet.herokuapp.com/infinite_scroll/763.html]
[the-internet.herokuapp.com/infinite_scroll/764.html]
[the-internet.herokuapp.com/infinite_scroll/765.html]
[the-internet.herokuapp.com/infinite_scroll/766.html]
[the-internet.herokuapp.com/infinite_scroll/767.html]
[the-internet.herokuapp.com/infinite_scroll/768.html]
[the-internet.herokuapp.com/infinite_scroll/769.html]
[the-internet.herokuapp.com/infinite_scroll/770.html]
[the-internet.herokuapp.com/infinite_scroll/771.html]
[the-internet.herokuapp.com/infinite_scroll/772.html]
[the-internet.herokuapp.com/infinite_scroll/773.html]
[the-internet.herokuapp.com/infinite_scroll/774.html]
[the-internet.herokuapp.com/infinite_scroll/775.html]
[the-internet.herokuapp.com/infinite_scroll/776.html]
[the-internet.herokuapp.com/infinite_scroll/777.html]
[the-internet.herokuapp.com/infinite_scroll/778.html]
[the-internet.herokuapp.com/infinite_scroll/779.html]
[the-internet.herokuapp.com/infinite_scroll/780.html]
[the-internet.herokuapp.com/infinite_scroll/781.html]
[the-internet.herokuapp.com/infinite_scroll/782.html]
[the-internet.herokuapp.com/infinite_scroll/783.html]
[the-internet.herokuapp.com/infinite_scroll/784.html]
[the-internet.herokuapp.com/infinite_scroll/785.html]
[the-internet.herokuapp.com/infinite_scroll/786.html]
[the-internet.herokuapp.com/infinite_scroll/787.html]
[the-internet.herokuapp.com/infinite_scroll/788.html]
[the-internet.herokuapp.com/infinite_scroll/789.html]
[the-internet.herokuapp.com/infinite_scroll/790.html]
[the-internet.herokuapp.com/infinite_scroll/791.html]
[the-internet.herokuapp.com/infinite_scroll/792.html]
[the-internet.herokuapp.com/infinite_scroll/793.html]
[the-internet.herokuapp.com/infinite_scroll/794.html]
[the-internet.herokuapp.com/infinite_scroll/795.html]
[the-internet.herokuapp.com/infinite_scroll/796.html]
[the-internet.herokuapp.com/infinite_scroll/797.html]
[the-internet.herokuapp.com/infinite_scroll/798.html]
[the-internet.herokuapp.com/infinite_scroll/799.html]
[the-internet.herokuapp.com/infinite_scroll/800.html]
[the-internet.herokuapp.com/infinite_scroll/801.html]
[the-internet.herokuapp.com/infinite_scroll/802.html]
[the-internet.herokuapp.com/infinite_scroll/803.html]
[the-internet.herokuapp.com/infinite_scroll/804.html]
[the-internet.herokuapp.com/infinite_scroll/805.html]
[the-internet.herokuapp.com/infinite_scroll/806.html]
[the-internet.herokuapp.com/infinite_scroll/807.html]
[the-internet.herokuapp.com/infinite_scroll/808.html]
[the-internet.herokuapp.com/infinite_scroll/809.html]
[the-internet.herokuapp.com/infinite_scroll/810.html]
[the-internet.herokuapp.com/infinite_scroll/811.html]
[the-internet.herokuapp.com/infinite_scroll/812.html]
[the-internet.herokuapp.com/infinite_scroll/813.html]
[the-internet.herokuapp.com/infinite_scroll/814.html]
[the-internet.herokuapp.com/infinite_scroll/815.html]
[the-internet.herokuapp.com/infinite_scroll/816.html]
[the-internet.herokuapp.com/infinite_scroll/817.html]
[the-internet.herokuapp.com/infinite_scroll/818.html]
[the-internet.herokuapp.com/infinite_scroll/819.html]
[the-internet.herokuapp.com/infinite_scroll/820.html]
[the-internet.herokuapp.com/infinite_scroll/821.html]
[the-internet.herokuapp.com/infinite_scroll/822.html]
[the-internet.herokuapp.com/infinite_scroll/823.html]
[the-internet.herokuapp.com/infinite_scroll/824.html]
[the-internet.herokuapp.com/infinite_scroll/825.html]
[the-internet.herokuapp.com/infinite_scroll/826.html]
[the-internet.herokuapp.com/infinite_scroll/827.html]
[the-internet.herokuapp.com/infinite_scroll/828.html]
[the-internet.herokuapp.com/infinite_scroll/829.html]
[the-internet.herokuapp.com/infinite_scroll/830.html]
[the-internet.herokuapp.com/infinite_scroll/831.html]
[the-internet.herokuapp.com/infinite_scroll/832.html]
[the-internet.herokuapp.com/infinite_scroll/833.html]
[the-internet.herokuapp.com/infinite_scroll/834.html]
[the-internet.herokuapp.com/infinite_scroll/835.html]
[the-internet.herokuapp.com/infinite_scroll/836.html]
[the-internet.herokuapp.com/infinite_scroll/837.html]
[the-internet.herokuapp.com/infinite_scroll/838.html]
[the-internet.herokuapp.com/infinite_scroll/839.html]
[the-internet.herokuapp.com/infinite_scroll/840.html]
[the-internet.herokuapp.com/infinite_scroll/841.html]
[the-internet.herokuapp.com/infinite_scroll/842.html]
[the-internet.herokuapp.com/infinite_scroll/843.html]
[the-internet.herokuapp.com/infinite_scroll/844.html]
[the-internet.herokuapp.com/infinite_scroll/845.html]
[the-internet.herokuapp.com/infinite_scroll/846.html]
[the-internet.herokuapp.com/infinite_scroll/847.html]
[the-internet.herokuapp.com/infinite_scroll/848.html]
[the-internet.herokuapp.com/infinite_scroll/849.html]
[the-internet.herokuapp.com/infinite_scroll/850.html]
[the-internet.herokuapp.com/infinite_scroll/851.html]
[the-internet.herokuapp.com/infinite_scroll/852.html]
[the-internet.herokuapp.com/infinite_scroll/853.html]
[the-internet.herokuapp.com/infinite_scroll/854.html]
[the-internet.herokuapp.com/infinite_scroll/855.html]
[the-internet.herokuapp.com/infinite_scroll/856.html]
[the-internet.herokuapp.com/infinite_scroll/857.html]
[the-internet.herokuapp.com/infinite_scroll/858.html]
[the-internet.herokuapp.com/infinite_scroll/859.html]
[the-internet.herokuapp.com/infinite_scroll/860.html]
[the-internet.herokuapp.com/infinite_scroll/861.html]
[the-internet.herokuapp.com/infinite_scroll/862.html]
[the-internet.herokuapp.com/infinite_scroll/863.html]
[the-internet.herokuapp.com/infinite_scroll/864.html]
[the-internet.herokuapp.com/infinite_scroll/865.html]
[the-internet.herokuapp.com/infinite_scroll/866.html]
[the-internet.herokuapp.com/infinite_scroll/867.html]
[the-internet.herokuapp.com/infinite_scroll/868.html]
[the-internet.herokuapp.com/infinite_scroll/869.html]
[the-internet.herokuapp.com/infinite_scroll/870.html]
[the-internet.herokuapp.com/infinite_scroll/871.html]
[the-internet.herokuapp.com/infinite_scroll/872.html]
[the-internet.herokuapp.com/infinite_scroll/873.html]
[the-internet.herokuapp.com/infinite_scroll/874.html]
[the-internet.herokuapp.com/infinite_scroll/875.html]
[the-internet.herokuapp.com/infinite_scroll/876.html]
[the-internet.herokuapp.com/infinite_scroll/877.html]
[the-internet.herokuapp.com/infinite_scroll/878.html]
[the-internet.herokuapp.com/infinite_scroll/879.html]
[the-internet.herokuapp.com/infinite_scroll/880.html]
[the-internet.herokuapp.com/infinite_scroll/881.html]
[the-internet.herokuapp.com/infinite_scroll/882.html]
[the-internet.herokuapp.com/infinite_scroll/883.html]
[the-internet.herokuapp.com/infinite_scroll/884.html]
[the-internet.herokuapp.com/infinite_scroll/885.html]
[the-internet.herokuapp.com/infinite_scroll/886.html]
[the-internet.herokuapp.com/infinite_scroll/887.html]
[the-internet.herokuapp.com/infinite_scroll/888.html]
[the-internet.herokuapp.com/infinite_scroll/889.html]
[the-internet.herokuapp.com/infinite_scroll/890.html]
[the-internet.herokuapp.com/infinite_scroll/891.html]
[the-internet.herokuapp.com/infinite_scroll/892.html]
[the-internet.herokuapp.com/infinite_scroll/893.html]
[the-internet.herokuapp.com/infinite_scroll/894.html]
[the-internet.herokuapp.com/infinite_scroll/895.html]
[the-internet.herokuapp.com/infinite_scroll/896.html]
[the-internet.herokuapp.com/infinite_scroll/897.html]
[the-internet.herokuapp.com/infinite_scroll/898.html]
[the-internet.herokuapp.com/infinite_scroll/899.html]
[the-internet.herokuapp.com/infinite_scroll/900.html]
[the-internet.herokuapp.com/infinite_scroll/901.html]
[the-internet.herokuapp.com/infinite_scroll/902.html]
[the-internet.herokuapp.com/infinite_scroll/903.html]
[the-internet.herokuapp.com/infinite_scroll/904.html]
[the-internet.herokuapp.com/infinite_scroll/905.html]
[the-internet.herokuapp.com/infinite_scroll/906.html]
[the-internet.herokuapp.com/infinite_scroll/907.html]
[the-internet.herokuapp.com/infinite_scroll/908.html]
[the-internet.herokuapp.com/infinite_scroll/909.html]
[the-internet.herokuapp.com/infinite_scroll/910.html]
[the-internet.herokuapp.com/infinite_scroll/911.html]
[the-internet.herokuapp.com/infinite_scroll/912.html]
[the-internet.herokuapp.com/infinite_scroll/913.html]
[the-internet.herokuapp.com/infinite_scroll/914.html]
[the-internet.herokuapp.com/infinite_scroll/915.html]
[the-internet.herokuapp.com/infinite_scroll/916.html]
[the-internet.herokuapp.com/infinite_scroll/917.html]
[the-internet.herokuapp.com/infinite_scroll/918.html]
[the-internet.herokuapp.com/infinite_scroll/919.html]
[the-internet.herokuapp.com/infinite_scroll/920.html]
[the-internet.herokuapp.com/infinite_scroll/921.html]
[the-internet.herokuapp.com/infinite_scroll/922.html]
[the-internet.herokuapp.com/infinite_scroll/923.html]
[the-internet.herokuapp.com/infinite_scroll/924.html]
[the-internet.herokuapp.com/infinite_scroll/925.html]
[the-internet.herokuapp.com/infinite_scroll/926.html]
[the-internet.herokuapp.com/infinite_scroll/927.html]
[the-internet.herokuapp.com/infinite_scroll/928.html]
[the-internet.herokuapp.com/infinite_scroll/929.html]
[the-internet.herokuapp.com/infinite_scroll/930.html]
[the-internet.herokuapp.com/infinite_scroll/931.html]
[the-internet.herokuapp.com/infinite_scroll/932.html]
[the-internet.herokuapp.com/infinite_scroll/933.html]
[the-internet.herokuapp.com/infinite_scroll/934.html]
[the-internet.herokuapp.com/infinite_scroll/935.html]
[the-internet.herokuapp.com/infinite_scroll/936.html]
[the-internet.herokuapp.com/infinite_scroll/937.html]
[the-internet.herokuapp.com/infinite_scroll/938.html]
[the-internet.herokuapp.com/infinite_scroll/939.html]
[the-internet.herokuapp.com/infinite_scroll/940.html]
[the-internet.herokuapp.com/infinite_scroll/941.html]
[the-internet.herokuapp.com/infinite_scroll/942.html]
[the-internet.herokuapp.com/infinite_scroll/943.html]
[the-internet.herokuapp.com/infinite_scroll/944.html]
[the-internet.herokuapp.com/infinite_scroll/945.html]
[the-internet.herokuapp.com/infinite_scroll/946.html]
[the-internet.herokuapp.com/infinite_scroll/947.html]
[the-internet.herokuapp.com/infinite_scroll/948.html]
[the-internet.herokuapp.com/infinite_scroll/949.html]
[the-internet.herokuapp.com/infinite_scroll/950.html]
[the-internet.herokuapp.com/infinite_scroll/951.html]
[the-internet.herokuapp.com/infinite_scroll/952.html]
[the-internet.herokuapp.com/infinite_scroll/953.html]
[the-internet.herokuapp.com/infinite_scroll/954.html]
[the-internet.herokuapp.com/infinite_scroll/955.html]
[the-internet.herokuapp.com/infinite_scroll/956.html]
[the-internet.herokuapp.com/infinite_scroll/957.html]
[the-internet.herokuapp.com/infinite_scroll/958.html]
[the-internet.herokuapp.com/infinite_scroll/959.html]
[the-internet.herokuapp.com/infinite_scroll/960.html]
[the-internet.herokuapp.com/infinite_scroll/961.html]
[the-internet.herokuapp.com/infinite_scroll/962.html]
[the-internet.herokuapp.com/infinite_scroll/963.html]
[the-internet.herokuapp.com/infinite_scroll/964.html]
[the-internet.herokuapp.com/infinite_scroll/965.html]
[the-internet.herokuapp.com/infinite_scroll/966.html]
[the-internet.herokuapp.com/infinite_scroll/967.html]
[the-internet.herokuapp.com/infinite_scroll/968.html]
[the-internet.herokuapp.com/infinite_scroll/969.html]
[the-internet.herokuapp.com/infinite_scroll/970.html]
[the-internet.herokuapp.com/infinite_scroll/971.html]
[the-internet.herokuapp.com/infinite_scroll/972.html]
[the-internet.herokuapp.com/infinite_scroll/973.html]
[the-internet.herokuapp.com/infinite_scroll/974.html]
[the-internet.herokuapp.com/infinite_scroll/975.html]
[the-internet.herokuapp.com/infinite_scroll/976.html]
[the-internet.herokuapp.com/infinite_scroll/977.html]
[the-internet.herokuapp.com/infinite_scroll/978.html]
[the-internet.herokuapp.com/infinite_scroll/979.html]
[the-internet.herokuapp.com/infinite_scroll/980.html]
[the-internet.herokuapp.com/infinite_scroll/981.html]
[the-internet.herokuapp.com/infinite_scroll/982.html]
[the-internet.herokuapp.com/infinite_scroll/983.html]
[the-internet.herokuapp.com/infinite_scroll/984.html]
[the-internet.herokuapp.com/infinite_scroll/985.html]
[the-internet.herokuapp.com/infinite_scroll/986.html]
[the-internet.herokuapp.com/infinite_scroll/987.html]
[the-internet.herokuapp.com/infinite_scroll/988.html]
[the-internet.herokuapp.com/infinite_scroll/989.html]
[the-internet.herokuapp.com/infinite_scroll/990.html]
[the-internet.herokuapp.com/infinite_scroll/991.html]
[the-internet.herokuapp.com/infinite_scroll/992.html]
[the-internet.herokuapp.com/infinite_scroll/993.html]
[the-internet.herokuapp.com/infinite_scroll/994.html]
[the-internet.herokuapp.com/infinite_scroll/995.html]
[the-internet.herokuapp.com/infinite_scroll/996.html]
[the-internet.herokuapp.com/infinite_scroll/997.html]
[the-internet.herokuapp.com/infinite_scroll/998.html]
[the-internet.herokuapp.com/infinite_scroll/999.html]
[the-internet.herokuapp.com/infinite_scroll/1000.html]
[the-internet.herokuapp.com/infinite_scroll/1001.html]
[the-internet.herokuapp.com/infinite_scroll/1002.html]
[the-internet.herokuapp.com/infinite_scroll/1003.html]
[the-internet.herokuapp.com/infinite_scroll/1004.html]
[the-internet.herokuapp.com/infinite_scroll/1005.html]
[the-internet.herokuapp.com/infinite_scroll/1006.html]
[the-internet.herokuapp.com/infinite_scroll/1007.html]
[the-internet.herokuapp.com/infinite_scroll/1008.html]
[the-internet.herokuapp.com/infinite_scroll/1009.html]
[the-internet.herokuapp.com/infinite_scroll/1010.html]
[the-internet.herokuapp.com/infinite_scroll/1011.html]
[the-internet.herokuapp.com/infinite_scroll/1012.html]
[the-internet.herokuapp.com/infinite_scroll/1013.html]
[the-internet.herokuapp.com/infinite_scroll/1014.html]
[the-internet.herokuapp.com/infinite_scroll/1015.html]
[the-internet.herokuapp.com/infinite_scroll/1016.html]
[the-internet.herokuapp.com/infinite_scroll/1017.html]
[the-internet.herokuapp.com/infinite_scroll/1018.html]
[the-internet.herokuapp.com/infinite_scroll/1019.html]
[the-internet.herokuapp.com/infinite_scroll/1020.html]
[the-internet.herokuapp.com/infinite_scroll/1021.html]
[the-internet.herokuapp.com/infinite_scroll/1022.html]
[the-internet.herokuapp.com/infinite_scroll/1023.html]
[the-internet.herokuapp.com/infinite_scroll/1024.html]
[the-internet.herokuapp.com/infinite_scroll/1025.html]
[the-internet.herokuapp.com/infinite_scroll/1026.html]
[the-internet.herokuapp.com/infinite_scroll/1027.html]
[the-internet.herokuapp.com/infinite_scroll/1028.html]
[the-internet.herokuapp.com/infinite_scroll/1029.html]
[the-internet.herokuapp.com/infinite_scroll/1030.html]
[the-internet.herokuapp.com/infinite_scroll/1031.html]
[the-internet.herokuapp.com/infinite_scroll/1032.html]
[the-internet.herokuapp.com/infinite_scroll/1033.html]
[the-internet.herokuapp.com/infinite_scroll/1034.html]
[the-internet.herokuapp.com/infinite_scroll/1035.html]
[the-internet.herokuapp.com/infinite_scroll/1036.html]
[the-internet.herokuapp.com/infinite_scroll/1037.html]
[the-internet.herokuapp.com/infinite_scroll/1038.html]
[the-internet.herokuapp.com/infinite_scroll/1039.html]
[the-internet.herokuapp.com/infinite_scroll/1040.html]
[the-internet.herokuapp.com/infinite_scroll/1041.html]
[the-internet.herokuapp.com/infinite_scroll/1042.html]
[the-internet.herokuapp.com/infinite_scroll/1043.html]
[the-internet.herokuapp.com/infinite_scroll/1044.html]
[the-internet.herokuapp.com/infinite_scroll/1045.html]
[the-internet.herokuapp.com/infinite_scroll/1046.html]
[the-internet.herokuapp.com/infinite_scroll/1047.html]
[the-internet.herokuapp.com/infinite_scroll/1048.html]
[the-internet.herokuapp.com/infinite_scroll/1049.html]
[the-internet.herokuapp.com/infinite_scroll/1050.html]
[the-internet.herokuapp.com/infinite_scroll/1051.html]
[the-internet.herokuapp.com/infinite_scroll/1052.html]
[the-internet.herokuapp.com/infinite_scroll/1053.html]
[the-internet.herokuapp.com/infinite_scroll/1054.html]
[the-internet.herokuapp.com/infinite_scroll/1055.html]
[the-internet.herokuapp.com/infinite_scroll/1056.html]
[the-internet.herokuapp.com/infinite_scroll/1057.html]
[the-internet.herokuapp.com/infinite_scroll/1058.html]
[the-internet.herokuapp.com/infinite_scroll/1059.html]
[the-internet.herokuapp.com/infinite_scroll/1060.html]
[the-internet.herokuapp.com/infinite_scroll/1061.html]
[the-internet.herokuapp.com/infinite_scroll/1062.html]
[the-internet.herokuapp.com/infinite_scroll/1063.html]
[the-internet.herokuapp.com/infinite_scroll/1064.html]
[the-internet.herokuapp.com/infinite_scroll/1065.html]
[the-internet.herokuapp.com/infinite_scroll/1066.html]
[the-internet.herokuapp.com/infinite_scroll/1067.html]
[the-internet.herokuapp.com/infinite_scroll/1068.html]
[the-internet.herokuapp.com/infinite_scroll/1069.html]
[the-internet.herokuapp.com/infinite_scroll/1070.html]
[the-internet.herokuapp.com/infinite_scroll/1071.html]
[the-internet.herokuapp.com/infinite_scroll/1072.html]
[the-internet.herokuapp.com/infinite_scroll/1073.html]
[the-internet.herokuapp.com/infinite_scroll/1074.html]
[the-internet.herokuapp.com/infinite_scroll/1075.html]
[the-internet.herokuapp.com/infinite_scroll/1076.html]
[the-internet.herokuapp.com/infinite_scroll/1077.html]
[the-internet.herokuapp.com/infinite_scroll/1078.html]
[the-internet.herokuapp.com/infinite_scroll/1079.html]
[the-internet.herokuapp.com/infinite_scroll/1080.html]
[the-internet.herokuapp.com/infinite_scroll/1081.html]
[the-internet.herokuapp.com/infinite_scroll/1082.html]
[the-internet.herokuapp.com/infinite_scroll/1083.html]
[the-internet.herokuapp.com/infinite_scroll/1084.html]
[the-internet.herokuapp.com/infinite_scroll/1085.html]
[the-internet.herokuapp.com/infinite_scroll/1086.html]
[the-internet.herokuapp.com/infinite_scroll/1087.html]
[the-internet.herokuapp.com/infinite_scroll/1088.html]
[the-internet.herokuapp.com/infinite_scroll/1089.html]
[the-internet.herokuapp.com/infinite_scroll/1090.html]
[the-internet.herokuapp.com/infinite_scroll/1091.html]
[the-internet.herokuapp.com/infinite_scroll/1092.html]
[the-internet.herokuapp.com/infinite_scroll/1093.html]
[the-internet.herokuapp.com/infinite_scroll/1094.html]
[the-internet.herokuapp.com/infinite_scroll/1095.html]
[the-internet.herokuapp.com/infinite_scroll/1096.html]
[the-internet.herokuapp.com/infinite_scroll/1097.html]
[the-internet.herokuapp.com/infinite_scroll/1098.html]
[the-internet.herokuapp.com/infinite_scroll/1099.html]
[the-internet.herokuapp.com/infinite_scroll/1100.html]
[the-internet.herokuapp.com/infinite_scroll/1101.html]
[the-internet.herokuapp.com/infinite_scroll/1102.html]
[the-internet.herokuapp.com/infinite_scroll/1103.html]
[the-internet.herokuapp.com/infinite_scroll/1104.html]
[the-internet.herokuapp.com/infinite_scroll/1105.html]
[the-internet.herokuapp.com/infinite_scroll/1106.html]
[the-internet.herokuapp.com/infinite_scroll/1107.html]
[the-internet.herokuapp.com/infinite_scroll/1108.html]
[the-internet.herokuapp.com/infinite_scroll/1109.html]
[the-internet.herokuapp.com/infinite_scroll/1110.html]
[the-internet.herokuapp.com/infinite_scroll/1111.html]
[the-internet.herokuapp.com/infinite_scroll/1112.html]
[the-internet.herokuapp.com/infinite_scroll/1113.html]
[the-internet.herokuapp.com/infinite_scroll/1114.html]
[the-internet.herokuapp.com/infinite_scroll/1115.html]
[the-internet.herokuapp.com/infinite_scroll/1116.html]
[the-internet.herokuapp.com/infinite_scroll/1117.html]
[the-internet.herokuapp.com/infinite_scroll/1118.html]
[the-internet.herokuapp.com/infinite_scroll/1119.html]
[the-internet.herokuapp.com/infinite_scroll/1120.html]
[the-internet.herokuapp.com/infinite_scroll/1121.html]
[the-internet.herokuapp.com/infinite_scroll/1122.html]
[the-internet.herokuapp.com/infinite_scroll/1123.html]
[the-internet.herokuapp.com/infinite_scroll/1124.html]
[the-internet.herokuapp.com/infinite_scroll/1125.html]
[the-internet.herokuapp.com/infinite_scroll/1126.html]
[the-internet.herokuapp.com/infinite_scroll/1127.html]
[the-internet.herokuapp.com/infinite_scroll/1128.html]
[the-internet.herokuapp.com/infinite_scroll/1129.html]
[the-internet.herokuapp.com/infinite_scroll/1130.html]
[the-internet.herokuapp.com/infinite_scroll/1131.html]
[the-internet.herokuapp.com/infinite_scroll/1132.html]
[the-internet.herokuapp.com/infinite_scroll/1133.html]
[the-internet.herokuapp.com/infinite_scroll/1134.html]
[the-internet.herokuapp.com/infinite_scroll/1135.html]
[the-internet.herokuapp.com/infinite_scroll/1136.html]
[the-internet.herokuapp.com/infinite_scroll/1137.html]
[the-internet.herokuapp.com/infinite_scroll/1138.html]
[the-internet.herokuapp.com/infinite_scroll/1139.html]
[the-internet.herokuapp.com/infinite_scroll/1140.html]
[the-internet.herokuapp.com/infinite_scroll/1141.html]
[the-internet.herokuapp.com/infinite_scroll/1142.html]
[the-internet.herokuapp.com/infinite_scroll/1143.html]
[the-internet.herokuapp.com/infinite_scroll/1144.html]
[the-internet.herokuapp.com/infinite_scroll/1145.html]
[the-internet.herokuapp.com/infinite_scroll/1146.html]
[the-internet.herokuapp.com/infinite_scroll/1147.html]
[the-internet.herokuapp.com/infinite_scroll/1148.html]
[the-internet.herokuapp.com/infinite_scroll/1149.html]
[the-internet.herokuapp.com/infinite_scroll/1150.html]
[the-internet.herokuapp.com/infinite_scroll/1151.html]
[the-internet.herokuapp.com/infinite_scroll/1152.html]
[the-internet.herokuapp.com/infinite_scroll/1153.html]
[the-internet.herokuapp.com/infinite_scroll/1154.html]
[the-internet.herokuapp.com/infinite_scroll/1155.html]
[the-internet.herokuapp.com/infinite_scroll/1156.html]
[the-internet.herokuapp.com/infinite_scroll/1157.html]
[the-internet.herokuapp.com/infinite_scroll/1158.html]
[the-internet.herokuapp.com/infinite_scroll/1159.html]
[the-internet.herokuapp.com/infinite_scroll/1160.html]
[the-internet.herokuapp.com/infinite_scroll/1161.html]
[the-internet.herokuapp.com/infinite_scroll/1162.html]
[the-internet.herokuapp.com/infinite_scroll/1163.html]
[the-internet.herokuapp.com/infinite_scroll/1164.html]
[the-internet.herokuapp.com/infinite_scroll/1165]
[the-internet.herokuapp.com/infinite_scroll/1166.html]
[the-internet.herokuapp.com/infinite_scroll/1167.html]
[the-internet.herokuapp.com/infinite_scroll/1168.html]
[the-internet.herokuapp.com/infinite_scroll/1169.html]
[the-internet.herokuapp.com/infinite_scroll/1170.html]
[the-internet.herokuapp.com/infinite_scroll/1171.html]
[the-internet.herokuapp.com/infinite_scroll/1172.html]
[the-internet.herokuapp.com/infinite_scroll/1173.html]
[the-internet.herokuapp.com/infinite_scroll/1174.html]
[the-internet.herokuapp.com/infinite_scroll/1175.html]
[the-internet.herokuapp.com/infinite_scroll/1176.html]
[the-internet.herokuapp.com/infinite_scroll/1177.html]
[the-internet.herokuapp.com/infinite_scroll/1178.html]
[the-internet.herokuapp.com/infinite_scroll/1179.html]
[the-internet.herokuapp.com/infinite_scroll/1180.html]
[the-internet.herokuapp.com/infinite_scroll/1181.html]
[the-internet.herokuapp.com/infinite_scroll/1182.html]
[the-internet.herokuapp.com/infinite_scroll/1183.html]
[the-internet.herokuapp.com/infinite_scroll/1184.html]
[the-internet.herokuapp.com/infinite_scroll/1185.html]
[the-internet.herokuapp.com/infinite_scroll/1186.html]
[the-internet.herokuapp.com/infinite_scroll/1187.html]
[the-internet.herokuapp.com/infinite_scroll/1188.html]
[the-internet.herokuapp.com/infinite_scroll/1189.html]
[the-internet.herokuapp.com/infinite_scroll/1190.html]
[the-internet.herokuapp.com/infinite_scroll/1191.html]
[the-internet.herokuapp.com/infinite_scroll/1192.html]
[the-internet.herokuapp.com/infinite_scroll/1193.html]
[the-internet.herokuapp.com/infinite_scroll/1194.html]
[the-internet.herokuapp.com/infinite_scroll/1195.html]
[the-internet.herokuapp.com/infinite_scroll/1196.html]
[the-internet.herokuapp.com/infinite_scroll/1197.html]
[the-internet.herokuapp.com/infinite_scroll/1198.html]
[the-internet.herokuapp.com/infinite_scroll/1199.html]
[the-internet.herokuapp.com/infinite_scroll/1200.html]
[the-internet.herokuapp.com/infinite_scroll/1201.html]
[the-internet.herokuapp.com/infinite_scroll/1202.html]
[the-internet.herokuapp.com/infinite_scroll/1203.html]
[the-internet.herokuapp.com/infinite_scroll/1204.html]
[the-internet.herokuapp.com/infinite_scroll/1205.html]
[the-internet.herokuapp.com/infinite_scroll/1206.html]
[the-internet.herokuapp.com/infinite_scroll/1207.html]
[the-internet.herokuapp.com/infinite_scroll/1208.html]
[the-internet.herokuapp.com/infinite_scroll/1209.html]
[the-internet.herokuapp.com/infinite_scroll/1210.html]
[the-internet.herokuapp.com/infinite_scroll/1211.html]
[the-internet.herokuapp.com/infinite_scroll/1212.html]
[the-internet.herokuapp.com/infinite_scroll/1213.html]
[the-internet.herokuapp.com/infinite_scroll/1214.html]
[the-internet.herokuapp.com/infinite_scroll/1215.html]
[the-internet.herokuapp.com/infinite_scroll/1216.html]
[the-internet.herokuapp.com/infinite_scroll/1217.html]
[the-internet.herokuapp.com/infinite_scroll/1218.html]
[the-internet.herokuapp.com/infinite_scroll/1219.html]
[the-internet.herokuapp.com/infinite_scroll/1220.html]
[the-internet.herokuapp.com/infinite_scroll/1221.html]
[the-internet.herokuapp.com/infinite_scroll/1222.html]
[the-internet.herokuapp.com/infinite_scroll/1223.html]
[the-internet.herokuapp.com/infinite_scroll/1224.html]
[the-internet.herokuapp.com/infinite_scroll/1225.html]
[the-internet.herokuapp.com/infinite_scroll/1226.html]
[the-internet.herokuapp.com/infinite_scroll/1227.html]
[the-internet.herokuapp.com/infinite_scroll/1228.html]
[the-internet.herokuapp.com/infinite_scroll/1229.html]
[the-internet.herokuapp.com/infinite_scroll/1230.html]
[the-internet.herokuapp.com/infinite_scroll/1231.html]
[the-internet.herokuapp.com/infinite_scroll/1232.html]
[the-internet.herokuapp.com/infinite_scroll/1233.html]
[the-internet.herokuapp.com/infinite_scroll/1234.html]
[the-internet.herokuapp.com/infinite_scroll/1235.html]
[the-internet.herokuapp.com/infinite_scroll/1236.html]
[the-internet.herokuapp.com/infinite_scroll/1237.html]
[the-internet.herokuapp.com/infinite_scroll/1238.html]
[the-internet.herokuapp.com/infinite_scroll/1239.html]
[the-internet.herokuapp.com/infinite_scroll/1240.html]
[the-internet.herokuapp.com/infinite_scroll/1241.html]
[the-internet.herokuapp.com/infinite_scroll/1242.html]
[the-internet.herokuapp.com/infinite_scroll/1243.html]
[the-internet.herokuapp.com/infinite_scroll/1244.html]
[the-internet.herokuapp.com/infinite_scroll/1245.html]
[the-internet.herokuapp.com/infinite_scroll/1246.html]
[the-internet.herokuapp.com/infinite_scroll/1247.html]
[the-internet.herokuapp.com/infinite_scroll/1248.html]
[the-internet.herokuapp.com/infinite_scroll/1249.html]
[the-internet.herokuapp.com/infinite_scroll/1250.html]
[the-internet.herokuapp.com/infinite_scroll/1251.html]
[the-internet.herokuapp.com/infinite_scroll/1252.html]
[the-internet.herokuapp.com/infinite_scroll/1253]
[the-internet.herokuapp.com/infinite_scroll/1254]
